ARM Linker, 4.1 [Build 481] [Standard]

==============================================================================

Section Cross References

    main.o(.text) refers to sys_init.o(.text) for Sys_init
    main.o(.text) refers to stm32f10x_gpio.o(.text) for GPIO_ResetBits
    main.o(.text) refers to infrared.o(.text) for CalculatedAverageADC
    main.o(.text) refers to pitchrollyaw.o(.text) for mpu_iic_test
    main.o(.text) refers to dataprotocol.o(.text) for checkRecMsgFromBuf
    main.o(.text) refers to prdsensordeal.o(.text) for checkFootMotionState
    main.o(.text) refers to delay.o(.data) for LocalTime
    stm32f10x_it.o(.text) refers to delay.o(.text) for Time_Update
    stm32f10x_it.o(.text) refers to serial.o(.text) for Uart1IRQHandler
    serial.o(.text) refers to stm32f10x_usart.o(.text) for USART_GetFlagStatus
    serial.o(.text) refers to dataprotocol.o(.text) for receveGoingInData
    sys_init.o(.text) refers to stm32f10x_gpio.o(.text) for GPIO_Init
    sys_init.o(.text) refers to stm32f10x_dma.o(.text) for DMA_DeInit
    sys_init.o(.text) refers to stm32f10x_adc.o(.text) for ADC_Init
    sys_init.o(.text) refers to stm32f10x_rcc.o(.text) for RCC_AHBPeriphClockCmd
    sys_init.o(.text) refers to misc.o(.text) for NVIC_PriorityGroupConfig
    sys_init.o(.text) refers to infrared.o(.text) for infrared_adc_init
    sys_init.o(.text) refers to serial.o(.text) for Serial_init
    sys_init.o(.text) refers to dataprotocol.o(.text) for msgCommunicateInit
    sys_init.o(.text) refers to delay.o(.text) for DelayLED
    sys_init.o(.text) refers to printfa.o(i.__0printf) for __2printf
    sys_init.o(.text) refers to infrared.o(.bss) for ADC1ConvertedValue
    sys_init.o(.text) refers to system_stm32f10x.o(.data) for SystemCoreClock
    delay.o(.text) refers to stm32f10x_gpio.o(.text) for GPIO_SetBits
    delay.o(.text) refers to delay.o(.data) for LocalTime
    infrared.o(.text) refers to stm32f10x_adc.o(.text) for ADC_SoftwareStartConvCmd
    infrared.o(.text) refers to stm32f10x_dma.o(.text) for DMA_Cmd
    infrared.o(.text) refers to printfa.o(i.__0printf) for __2printf
    infrared.o(.text) refers to infrared.o(.bss) for ADC1ConvertedValue
    dataprotocol.o(.text) refers to strncpy.o(.text) for strncpy
    dataprotocol.o(.text) refers to printfa.o(i.__0printf) for __2printf
    dataprotocol.o(.text) refers to memseta.o(.text) for __aeabi_memclr
    dataprotocol.o(.text) refers to stm32f10x_flash.o(.text) for FLASH_UnlockBank1
    dataprotocol.o(.text) refers to serial.o(.text) for UartSendSomeBytes
    dataprotocol.o(.text) refers to strncmp.o(.text) for strncmp
    dataprotocol.o(.text) refers to dataprotocol.o(.data) for g_msgCtrl
    dataprotocol.o(.text) refers to dataprotocol.o(.bss) for msgBuf
    dataprotocol.o(.text) refers to dfixui.o(.text) for __aeabi_d2uiz
    dataprotocol.o(.text) refers to dmul.o(.text) for __aeabi_dmul
    dataprotocol.o(.text) refers to f2d.o(.text) for __aeabi_f2d
    dataprotocol.o(.text) refers to main.o(.data) for errCodeInfrared
    pitchrollyaw.o(.text) refers to inv_mpu.o(.text) for mpu_run_self_test
    pitchrollyaw.o(.text) refers to fflti.o(.text) for __aeabi_i2f
    pitchrollyaw.o(.text) refers to fmul.o(.text) for __aeabi_fmul
    pitchrollyaw.o(.text) refers to ffixi.o(.text) for __aeabi_f2iz
    pitchrollyaw.o(.text) refers to inv_mpu_dmp_motion_driver.o(.text) for dmp_set_gyro_bias
    pitchrollyaw.o(.text) refers to printfa.o(i.__0printf) for __2printf
    pitchrollyaw.o(.text) refers to fdiv.o(.text) for __aeabi_fdiv
    pitchrollyaw.o(.text) refers to fadd.o(.text) for __aeabi_fadd
    pitchrollyaw.o(.text) refers to f2d.o(.text) for __aeabi_f2d
    pitchrollyaw.o(.text) refers to asin.o(i.asin) for asin
    pitchrollyaw.o(.text) refers to d2f.o(.text) for __aeabi_d2f
    pitchrollyaw.o(.text) refers to pitchrollyaw.o(.data) for mpu9250_iic_SensorList
    pitchrollyaw.o(.text) refers to inv_mpu.o(.data) for i2c_write
    pitchrollyaw.o(.text) refers to main.o(.data) for errCodeMpu
    pitchrollyaw.o(.text) refers to pitchrollyaw.o(.constdata) for .constdata
    pitchrollyaw.o(.text) refers to pitchrollyaw.o(.bss) for quat
    pitchrollyaw.o(.text) refers to atan2.o(i.atan2) for atan2
    pitchrollyaw.o(.text) refers to sin.o(i.sin) for sin
    pitchrollyaw.o(.text) refers to cos.o(i.cos) for cos
    pitchrollyaw.o(.text) refers to dflti.o(.text) for __aeabi_i2d
    pitchrollyaw.o(.text) refers to dmul.o(.text) for __aeabi_dmul
    pitchrollyaw.o(.text) refers to dadd.o(.text) for __aeabi_dadd
    pitchrollyaw.o(.text) refers to ddiv.o(.text) for __aeabi_ddiv
    pitchrollyaw.o(.data) refers to iic3_body.o(.text) for i2c3writeBody
    pitchrollyaw.o(.data) refers to iic2_rightleg.o(.text) for i2c2writeRightLeg
    pitchrollyaw.o(.data) refers to iic1_leftleg.o(.text) for i2c1writeLeftLeg
    pitchrollyaw.o(.data) refers to iic4_foot.o(.text) for i2c4write_foot
    iic1_leftleg.o(.text) refers to delay.o(.text) for I2C_delay
[...]
    .text                                    0x08003a28   Section       36  startup_stm32f10x_md.o(.text)
    .text                                    0x08003a4c   Section        0  system_stm32f10x.o(.text)
    SetSysClockTo72                          0x08003a4d   Thumb Code   192  system_stm32f10x.o(.text)
    SetSysClock                              0x08003b0d   Thumb Code     8  system_stm32f10x.o(.text)
    .text                                    0x08003c14   Section        0  misc.o(.text)
    .text                                    0x08003d0c   Section        0  stm32f10x_adc.o(.text)
    .text                                    0x0800414c   Section        0  stm32f10x_gpio.o(.text)
    .text                                    0x080044a4   Section        0  stm32f10x_rcc.o(.text)
    .text                                    0x08004848   Section        0  stm32f10x_usart.o(.text)
    .text                                    0x08004c54   Section        0  stm32f10x_dma.o(.text)
    .text                                    0x08004e9c   Section        0  stm32f10x_flash.o(.text)
    .text                                    0x08005464   Section        0  inv_mpu.o(.text)
    set_int_enable                           0x08005465   Thumb Code   142  inv_mpu.o(.text)
    setup_compass                            0x0800591f   Thumb Code   370  inv_mpu.o(.text)
    get_st_biases                            0x08006991   Thumb Code  1280  inv_mpu.o(.text)
    .text                                    0x08007524   Section        0  inv_mpu_dmp_motion_driver.o(.text)
    decode_gesture                           0x08008005   Thumb Code    94  inv_mpu_dmp_motion_driver.o(.text)
    .text                                    0x080082bc   Section        0  ldiv.o(.text)
    .text                                    0x08008316   Section        0  llshl.o(.text)
    .text                                    0x08008334   Section        0  llsshr.o(.text)
    .text                                    0x08008358   Section        0  memseta.o(.text)
    .text                                    0x0800837e   Section        0  strncpy.o(.text)
    .text                                    0x08008396   Section        0  memcmp.o(.text)
    .text                                    0x080083b0   Section        0  strncmp.o(.text)
    .text                                    0x080083ce   Section        0  fadd.o(.text)
    .text                                    0x0800847e   Section        0  fmul.o(.text)
    .text                                    0x080084ea   Section        0  fdiv.o(.text)
    .text                                    0x0800856a   Section        0  dadd.o(.text)
    .text                                    0x080086b4   Section        0  dmul.o(.text)
    .text                                    0x08008796   Section        0  ddiv.o(.text)
    .text                                    0x08008874   Section        0  fflti.o(.text)
    .text                                    0x08008886   Section        0  ffltui.o(.text)
    .text                                    0x08008890   Section        0  dflti.o(.text)
    .text                                    0x080088b2   Section        0  dfltui.o(.text)
    .text                                    0x080088cc   Section        0  ffixi.o(.text)
    .text                                    0x080088fe   Section        0  ffixui.o(.text)
    .text                                    0x08008926   Section        0  dfixui.o(.text)
    .text                                    0x08008954   Section        0  f2d.o(.text)
    .text                                    0x08008980   Section       40  cdcmple.o(.text)
    .text                                    0x080089a8   Section       40  cdrcmple.o(.text)
    .text                                    0x080089d0   Section        0  d2f.o(.text)
    .text                                    0x08008a08   Section       20  cfcmple.o(.text)
    .text                                    0x08008a1c   Section       20  cfrcmple.o(.text)
    .text                                    0x08008a30   Section        0  uidiv.o(.text)
    .text                                    0x08008a5c   Section        0  uldiv.o(.text)
    .text                                    0x08008ac2   Section        0  llushr.o(.text)
    .text                                    0x08008ae2   Section        0  fepilogue.o(.text)
    .text                                    0x08008ae2   Section        0  iusefp.o(.text)
    .text                                    0x08008b52   Section        0  depilogue.o(.text)
    .text                                    0x08008c14   Section        0  dscalb.o(.text)
    .text                                    0x08008c42   Section        0  dfixul.o(.text)
    .text                                    0x08008c74   Section       36  init.o(.text)
    .text                                    0x08008c98   Section        0  dsqrt.o(.text)
    .text                                    0x08008d38   Section        0  dfixi.o(.text)
    .text                                    0x08008d76   Section        0  __dczerorl2.o(.text)
    i.__0printf                              0x08008dd4   Section        0  printfa.o(i.__0printf)
    i.__ARM_fpclassify                       0x08008df4   Section        0  fpclassify.o(i.__ARM_fpclassify)
    i.__ieee754_rem_pio2                     0x08008e1c   Section        0  rred.o(i.__ieee754_rem_pio2)
    i.__kernel_cos                           0x080091a4   Section        0  cos_i.o(i.__kernel_cos)
    i.__kernel_poly                          0x080092a0   Section        0  poly.o(i.__kernel_poly)
    i.__kernel_sin                           0x0800934c   Section        0  sin_i.o(i.__kernel_sin)
    i.__kernel_tan                           0x0800943c   Section        0  tan_i.o(i.__kernel_tan)
    i.__mathlib_dbl_underflow                0x080096b8   Section        0  dunder.o(i.__mathlib_dbl_underflow)
    i.__scatterload_copy                     0x080096c8   Section       14  handlers.o(i.__scatterload_copy)
    i.__scatterload_null                     0x080096d6   Section        2  handlers.o(i.__scatterload_null)
    i.__scatterload_zeroinit                 0x080096d8   Section       14  handlers.o(i.__scatterload_zeroinit)
    i.__set_errno                            0x080096e8   Section        0  errno.o(i.__set_errno)
    i._fp_digits                             0x080096f4   Section        0  printfa.o(i._fp_digits)
    _fp_digits                               0x080096f5   Thumb Code   318  printfa.o(i._fp_digits)
    i._printf_core                           0x08009848   Section        0  printfa.o(i._printf_core)
    _printf_core                             0x08009849   Thumb Code  1734  printfa.o(i._printf_core)
    i._printf_post_padding                   0x08009f1c   Section        0  printfa.o(i._printf_post_padding)
    _printf_post_padding                     0x08009f1d   Thumb Code    38  printfa.o(i._printf_post_padding)
    i._printf_pre_padding                    0x08009f42   Section        0  printfa.o(i._printf_pre_padding)
    _printf_pre_padding                      0x08009f43   Thumb Code    46  printfa.o(i._printf_pre_padding)
    i.asin                                   0x08009f70   Section        0  asin.o(i.asin)
    i.atan                                   0x0800a1f0   Section        0  atan.o(i.atan)
    i.atan2                                  0x0800a414   Section        0  atan2.o(i.atan2)
    i.cos                                    0x0800a594   Section        0  cos.o(i.cos)
    i.pow                                    0x0800a640   Section        0  pow.o(i.pow)
    i.sin                                    0x0800b018   Section        0  sin.o(i.sin)
    i.sqrt                                   0x0800b0c8   Section        0  sqrt.o(i.sqrt)
    i.tan                                    0x0800b114   Section        0  tan.o(i.tan)
    .constdata                               0x0800b188   Section       65  pitchrollyaw.o(.constdata)
    .constdata                               0x0800b1cc   Section       92  inv_mpu.o(.constdata)
    .constdata                               0x0800b228   Section     3062  inv_mpu_dmp_motion_driver.o(.constdata)
    dmp_memory                               0x0800b228   Data        3062  inv_mpu_dmp_motion_driver.o(.constdata)
    .constdata                               0x0800be20   Section       80  asin.o(.constdata)
    pS                                       0x0800be20   Data          48  asin.o(.constdata)
    qS                                       0x0800be50   Data          32  asin.o(.constdata)
    .constdata                               0x0800be70   Section      136  pow.o(.constdata)
    bp                                       0x0800be70   Data          16  pow.o(.constdata)
    dp_h                                     0x0800be80   Data          16  pow.o(.constdata)
    dp_l                                     0x0800be90   Data          16  pow.o(.constdata)
    L                                        0x0800bea0   Data          48  pow.o(.constdata)
    P                                        0x0800bed0   Data          40  pow.o(.constdata)
    .constdata                               0x0800bef8   Section      152  atan.o(.constdata)
    atanhi                                   0x0800bef8   Data          32  atan.o(.constdata)
    atanlo                                   0x0800bf18   Data          32  atan.o(.constdata)
    aTodd                                    0x0800bf38   Data          40  atan.o(.constdata)
    aTeven                                   0x0800bf60   Data          48  atan.o(.constdata)
    .constdata                               0x0800bf90   Section       48  cos_i.o(.constdata)
    C                                        0x0800bf90   Data          48  cos_i.o(.constdata)
    .constdata                               0x0800bfc0   Section        8  qnan.o(.constdata)
    .constdata                               0x0800bfc8   Section      200  rred.o(.constdata)
    pio2s                                    0x0800bfc8   Data          48  rred.o(.constdata)
    twooverpi                                0x0800bff8   Data         152  rred.o(.constdata)
    .constdata                               0x0800c090   Section       40  sin_i.o(.constdata)
    S                                        0x0800c090   Data          40  sin_i.o(.constdata)
    .constdata                               0x0800c0b8   Section       96  tan_i.o(.constdata)
    Todd                                     0x0800c0b8   Data          48  tan_i.o(.constdata)
    Teven                                    0x0800c0e8   Data          48  tan_i.o(.constdata)
    .data                                    0x20000000   Section        2  main.o(.data)
    .data                                    0x20000004   Section        5  delay.o(.data)
    ii                                       0x20000008   Data           1  delay.o(.data)
    .data                                    0x2000000c   Section       16  dataprotocol.o(.data)
    .data                                    0x2000001c   Section      159  pitchrollyaw.o(.data)
    gyro_orientation                         0x20000037   Data           9  pitchrollyaw.o(.data)
    .data                                    0x200000bc   Section       22  prdsensordeal.o(.data)
    timecount                                0x200000d0   Data           1  prdsensordeal.o(.data)
    timecount                                0x200000d1   Data           1  prdsensordeal.o(.data)
    .data                                    0x200000d4   Section       12  motionsta.o(.data)
    .data                                    0x200000e0   Section       16  xyz_algo.o(.data)
    .data                                    0x200000f0   Section       20  system_stm32f10x.o(.data)
    .data                                    0x20000104   Section       20  stm32f10x_rcc.o(.data)
    APBAHBPrescTable                         0x20000104   Data          16  stm32f10x_rcc.o(.data)
    ADCPrescTable                            0x20000114   Data           4  stm32f10x_rcc.o(.data)
    .data                                    0x20000118   Section      124  inv_mpu.o(.data)
    .data                                    0x20000194   Section        4  stdout.o(.data)
    .data                                    0x20000198   Section        4  errno.o(.data)
    _errno                                   0x20000198   Data           4  errno.o(.data)
    .bss                                     0x2000019c   Section      120  infrared.o(.bss)
    .bss                                     0x20000214   Section     3039  dataprotocol.o(.bss)
    .bss                                     0x20000df4   Section      116  pitchrollyaw.o(.bss)
    hal                                      0x20000df4   Data          14  pitchrollyaw.o(.bss)
    .bss                                     0x20000e68   Section      104  prdsensordeal.o(.bss)
    .bss                                     0x20000ed0   Section       12  xyz_algo.o(.bss)
    .bss                                     0x20000edc   Section       16  inv_mpu_dmp_motion_driver.o(.bss)
    dmp                                      0x20000edc   Data          16  inv_mpu_dmp_motion_driver.o(.bss)
    STACK                                    0x20000ef0   Section     1024  startup_stm32f10x_md.o(STACK)

    Global Symbols

    Symbol Name                              Value     Ov Type        Size  Object(Section)

    BuildAttributes$$THM_ISAv4$P$D$K$B$S$PE$A:L22UL41UL21$X:L11$S22US41US21$IEEE1$IW$USESV6$~STKCKD$USESV7$~SHL$OTIME$ROPI$IEEEX$EBA8$MICROLIB$REQ8$PRES8$EABIv2 0x00000000   Number         0  anon$$obj.o ABSOLUTE
    __ARM_use_no_argv                        0x00000000   Number         0  main.o ABSOLUTE
    _printf_a                                0x00000000   Number         0  stubs.o ABSOLUTE
    _printf_c                                0x00000000   Number         0  stubs.o ABSOLUTE
    _printf_charcount                        0x00000000   Number         0  stubs.o ABSOLUTE
    _printf_d                                0x00000000   Number         0  stubs.o ABSOLUTE
    _printf_e                                0x00000000   Number         0  stubs.o ABSOLUTE
    _printf_f                                0x00000000   Number         0  stubs.o ABSOLUTE
    _printf_flags                            0x00000000   Number         0  stubs.o ABSOLUTE
    _printf_fp_dec                           0x00000000   Number         0  stubs.o ABSOLUTE
    _printf_fp_hex                           0x00000000   Number         0  stubs.o ABSOLUTE
    _printf_g                                0x00000000   Number         0  stubs.o ABSOLUTE
    _printf_i                                0x00000000   Number         0  stubs.o ABSOLUTE
    _printf_int_dec                          0x00000000   Number         0  stubs.o ABSOLUTE
    _printf_l                                0x00000000   Number         0  stubs.o ABSOLUTE
    _printf_lc                               0x00000000   Number         0  stubs.o ABSOLUTE
    _printf_ll                               0x00000000   Number         0  stubs.o ABSOLUTE
    _printf_lld                              0x00000000   Number         0  stubs.o ABSOLUTE
    _printf_lli                              0x00000000   Number         0  stubs.o ABSOLUTE
    _printf_llo                              0x00000000   Number         0  stubs.o ABSOLUTE
    _printf_llu                              0x00000000   Number         0  stubs.o ABSOLUTE
    _printf_llx                              0x00000000   Number         0  stubs.o ABSOLUTE
    _printf_longlong_dec                     0x00000000   Number         0  stubs.o ABSOLUTE
    _printf_longlong_hex                     0x00000000   Number         0  stubs.o ABSOLUTE
    _printf_longlong_oct                     0x00000000   Number         0  stubs.o ABSOLUTE
    _printf_ls                               0x00000000   Number         0  stubs.o ABSOLUTE
    _printf_mbtowc                           0x00000000   Number         0  stubs.o ABSOLUTE
    _printf_n                                0x00000000   Number         0  stubs.o ABSOLUTE
    _printf_o                                0x00000000   Number         0  stubs.o ABSOLUTE
    _printf_p                                0x00000000   Number         0  stubs.o ABSOLUTE
    _printf_percent                          0x00000000   Number         0  stubs.o ABSOLUTE
    _printf_pre_padding                      0x00000000   Number         0  stubs.o ABSOLUTE
    _printf_return_value                     0x00000000   Number         0  stubs.o ABSOLUTE
    _printf_s                                0x00000000   Number         0  stubs.o ABSOLUTE
    _printf_sizespec                         0x00000000   Number         0  stubs.o ABSOLUTE
    _printf_str                              0x00000000   Number         0  stubs.o ABSOLUTE
    _printf_truncate_signed                  0x00000000   Number         0  stubs.o ABSOLUTE
    _printf_truncate_unsigned                0x00000000   Number         0  stubs.o ABSOLUTE
    _printf_u                                0x00000000   Number         0  stubs.o ABSOLUTE
    _printf_wc                               0x00000000   Number         0  stubs.o ABSOLUTE
    _printf_wctomb                           0x00000000   Number         0  stubs.o ABSOLUTE
    _printf_widthprec                        0x00000000   Number         0  stubs.o ABSOLUTE
    _printf_x                                0x00000000   Number         0  stubs.o ABSOLUTE
    __Vectors_Size                           0x000000ec   Number         0  startup_stm32f10x_md.o ABSOLUTE
    __Vectors                                0x08000000   Data           4  startup_stm32f10x_md.o(RESET)
    __Vectors_End                            0x080000ec   Data           0  startup_stm32f10x_md.o(RESET)
    __main                                   0x080000ed   Thumb Code     0  entry.o(.ARM.Collect$$$$00000000)
    _main_stk                                0x080000ed   Thumb Code     0  entry2.o(.ARM.Collect$$$$00000001)
    _main_scatterload                        0x080000f1   Thumb Code     0  entry5.o(.ARM.Collect$$$$00000004)
    __main_after_scatterload                 0x080000f5   Thumb Code     0  entry5.o(.ARM.Collect$$$$00000004)
    _main_init                               0x080000f5   Thumb Code     0  entry7.o(.ARM.Collect$$$$00000007)
    main                                     0x08000101   Thumb Code    80  main.o(.text)
    NMI_Handler                              0x08000159   Thumb Code     2  stm32f10x_it.o(.text)
    HardFault_Handler                        0x0800015b   Thumb Code     4  stm32f10x_it.o(.text)
    MemManage_Handler                        0x0800015f   Thumb Code     4  stm32f10x_it.o(.text)
    BusFault_Handler                         0x08000163   Thumb Code     4  stm32f10x_it.o(.text)
    UsageFault_Handler                       0x08000167   Thumb Code     4  stm32f10x_it.o(.text)
    SVC_Handler                              0x0800016b   Thumb Code     2  stm32f10x_it.o(.text)
    DebugMon_Handler                         0x0800016d   Thumb Code     2  stm32f10x_it.o(.text)
    PendSV_Handler                           0x0800016f   Thumb Code     2  stm32f10x_it.o(.text)
    SysTick_Handler                          0x08000171   Thumb Code     8  stm32f10x_it.o(.text)
    USART1_IRQHandler                        0x08000179   Thumb Code     8  stm32f10x_it.o(.text)
    USART2_IRQHandler                        0x08000181   Thumb Code     8  stm32f10x_it.o(.text)
    USART3_IRQHandler                        0x08000189   Thumb Code     2  stm32f10x_it.o(.text)
    SerialWrite                              0x0800018d   Thumb Code    62  serial.o(.text)
    Serial_init                              0x080001cb   Thumb Code   130  serial.o(.text)
    fputc                                    0x0800024d   Thumb Code    30  serial.o(.text)
    fgetc                                    0x0800026b   Thumb Code    26  serial.o(.text)
    UartSendSomeBytes                        0x08000285   Thumb Code    64  serial.o(.text)
    Uart1IRQHandler                          0x080002c5   Thumb Code    38  serial.o(.text)
    Uart2IRQHandler                          0x080002eb   Thumb Code    32  serial.o(.text)
    GPIO_Configuration                       0x08000331   Thumb Code   204  sys_init.o(.text)
    ADC_Configuration                        0x080003fd   Thumb Code   240  sys_init.o(.text)
    RCC_Configuration                        0x080004ed   Thumb Code    38  sys_init.o(.text)
    NVIC_Configuration                       0x08000513   Thumb Code    58  sys_init.o(.text)
    System_Setup                             0x0800054d   Thumb Code   104  sys_init.o(.text)
    Sys_init                                 0x080005b5   Thumb Code    54  sys_init.o(.text)
    Time_Update                              0x08000621   Thumb Code    72  delay.o(.text)
    Delayms                                  0x08000669   Thumb Code    24  delay.o(.text)
    Delay_s                                  0x08000681   Thumb Code    24  delay.o(.text)
    DelayLED                                 0x08000699   Thumb Code    12  delay.o(.text)
    Delay                                    0x080006a5   Thumb Code    10  delay.o(.text)
    get_ms                                   0x080006af   Thumb Code     2  delay.o(.text)
    I2C_delay                                0x080006b1   Thumb Code    14  delay.o(.text)
    delay5ms                                 0x080006bf   Thumb Code    14  delay.o(.text)
    infrared_adc_init                        0x080006d9   Thumb Code    20  infrared.o(.text)
    check_Infrared_distance                  0x080006ed   Thumb Code    58  infrared.o(.text)
    infrared_adc_sample_close                0x08000727   Thumb Code    20  infrared.o(.text)
    CalculatedAverageADC                     0x0800073b   Thumb Code    70  infrared.o(.text)
    usrInfoGetFromFlase                      0x080007cd   Thumb Code    74  dataprotocol.o(.text)
    msgCommunicateInit                       0x08000817   Thumb Code    44  dataprotocol.o(.text)
    usrInfoSaveToFlase                       0x08000843   Thumb Code   106  dataprotocol.o(.text)
    usrInfoFlashErase                        0x080008ad   Thumb Code    52  dataprotocol.o(.text)
    msgPrintOut                              0x080008e1   Thumb Code    18  dataprotocol.o(.text)
    receveGoingInData                        0x080008f3   Thumb Code   322  dataprotocol.o(.text)
    calculatedVerify                         0x08000a35   Thumb Code    26  dataprotocol.o(.text)
    checkVerifyData                          0x08000a4f   Thumb Code    54  dataprotocol.o(.text)
    checkLostData                            0x08000a85   Thumb Code    30  dataprotocol.o(.text)
    recMsgUsrInfoInit                        0x08000aa3   Thumb Code    90  dataprotocol.o(.text)
    recMsgUsrLogin                           0x08000afd   Thumb Code    88  dataprotocol.o(.text)
    recMsgUsrPasswadModify                   0x08000b55   Thumb Code   332  dataprotocol.o(.text)
    recMsgDelUsrInfo                         0x08000ca1   Thumb Code    48  dataprotocol.o(.text)
    recMsgDeviceUnlink                       0x08000cd1   Thumb Code    22  dataprotocol.o(.text)
    recMsgNeedRetransMsg                     0x08000ce7   Thumb Code     6  dataprotocol.o(.text)
    packageSendMsgTail                       0x08000ced   Thumb Code    32  dataprotocol.o(.text)
    floatTochar                              0x08000d0d   Thumb Code   112  dataprotocol.o(.text)
    packageSendMsgHeader                     0x08000d7d   Thumb Code    80  dataprotocol.o(.text)
    getSendMsgSavePtr                        0x08000dcd   Thumb Code    42  dataprotocol.o(.text)
    sendMsgDataOneStep                       0x08000df7   Thumb Code   122  dataprotocol.o(.text)
    packageSendMsgNoBodyData                 0x08000e71   Thumb Code    50  dataprotocol.o(.text)
    sendMsgNeedLogin                         0x08000ea3   Thumb Code    12  dataprotocol.o(.text)
    sendMsgUnlinkFail                        0x08000eaf   Thumb Code    12  dataprotocol.o(.text)
    sendMsgUnlinkSucc                        0x08000ebb   Thumb Code    12  dataprotocol.o(.text)
    sendMsgPwdModifyFail                     0x08000ec7   Thumb Code    12  dataprotocol.o(.text)
    sendMsgPwdModifySucc                     0x08000ed3   Thumb Code    12  dataprotocol.o(.text)
    sendMsgLoginFail                         0x08000edf   Thumb Code    12  dataprotocol.o(.text)
    sendMsgSensorFault                       0x08000eeb   Thumb Code    64  dataprotocol.o(.text)
    sendMsgLoginSucc                         0x08000f2b   Thumb Code    28  dataprotocol.o(.text)
    sendMsgInitFail                          0x08000f47   Thumb Code    12  dataprotocol.o(.text)
    sendMsgInitSucc                          0x08000f53   Thumb Code    12  dataprotocol.o(.text)
    toPrdDataProcess                         0x08000f5f   Thumb Code   406  dataprotocol.o(.text)
    checkRecMsgFromBuf                       0x080010f5   Thumb Code    72  dataprotocol.o(.text)
    sendMsgDataAll                           0x0800113d   Thumb Code    80  dataprotocol.o(.text)
    sendMsgLossPosition                      0x0800118d   Thumb Code     4  dataprotocol.o(.text)
    sendMsgLossData                          0x08001191   Thumb Code    74  dataprotocol.o(.text)
    sendMsgtoGCAD                            0x080011db   Thumb Code    74  dataprotocol.o(.text)
    xdelay_us                                0x0800137f   Thumb Code    26  pitchrollyaw.o(.text)
    xdelay_ms                                0x08001399   Thumb Code    24  pitchrollyaw.o(.text)
    mpu_iic_test                             0x080013b1   Thumb Code   120  pitchrollyaw.o(.text)
    mpu_dmp_init                             0x08001429   Thumb Code   212  pitchrollyaw.o(.text)
    mpu_dmp_init_all                         0x080014fd   Thumb Code    62  pitchrollyaw.o(.text)
    mpu_init_foot_sensor                     0x0800153b   Thumb Code    88  pitchrollyaw.o(.text)
    calculatedDMP                            0x08001593   Thumb Code  1558  pitchrollyaw.o(.text)
    calculatedDMPAll                         0x08001ba9   Thumb Code    32  pitchrollyaw.o(.text)
    checkFootAccel                           0x08001bc9   Thumb Code   460  pitchrollyaw.o(.text)
    readYawPassThrough                       0x08001d95   Thumb Code   190  pitchrollyaw.o(.text)
    I2C1_Start                               0x08001e75   Thumb Code    84  iic1_leftleg.o(.text)
    I2C1_Stop                                0x08001ec9   Thumb Code    48  iic1_leftleg.o(.text)
    I2C1_Ack                                 0x08001ef9   Thumb Code    48  iic1_leftleg.o(.text)
    I2C1_NoAck                               0x08001f29   Thumb Code    48  iic1_leftleg.o(.text)
    I2C1_WaitAck                             0x08001f59   Thumb Code    74  iic1_leftleg.o(.text)
    I2C1_SendByte                            0x08001fa3   Thumb Code    74  iic1_leftleg.o(.text)
    I2C1_WriteBuffer                         0x08001fed   Thumb Code   102  iic1_leftleg.o(.text)
    I2C1_ReadBuffer                          0x0800209d   Thumb Code   110  iic1_leftleg.o(.text)
    i2c1writeLeftLeg                         0x0800210b   Thumb Code    40  iic1_leftleg.o(.text)
    i2c1readLeftLeg                          0x08002133   Thumb Code    40  iic1_leftleg.o(.text)
    I2C2_Start                               0x0800216d   Thumb Code    90  iic2_rightleg.o(.text)
    I2C2_Stop                                0x080021c7   Thumb Code    56  iic2_rightleg.o(.text)
    I2C2_Ack                                 0x080021ff   Thumb Code    56  iic2_rightleg.o(.text)
    I2C2_NoAck                               0x08002237   Thumb Code    56  iic2_rightleg.o(.text)
    I2C2_WaitAck                             0x0800226f   Thumb Code    84  iic2_rightleg.o(.text)
    I2C2_SendByte                            0x080022c3   Thumb Code    84  iic2_rightleg.o(.text)
    I2C2_WriteBuffer                         0x08002317   Thumb Code   102  iic2_rightleg.o(.text)
    I2C2_ReadBuffer                          0x080023cd   Thumb Code   110  iic2_rightleg.o(.text)
    i2c2writeRightLeg                        0x0800243b   Thumb Code    40  iic2_rightleg.o(.text)
    i2c2readRightLeg                         0x08002463   Thumb Code    40  iic2_rightleg.o(.text)
    I2C3_Start                               0x0800249d   Thumb Code    90  iic3_body.o(.text)
    I2C3_Stop                                0x080024f7   Thumb Code    56  iic3_body.o(.text)
    I2C3_Ack                                 0x0800252f   Thumb Code    56  iic3_body.o(.text)
    I2C3_NoAck                               0x08002567   Thumb Code    56  iic3_body.o(.text)
    I2C3_WaitAck                             0x0800259f   Thumb Code    84  iic3_body.o(.text)
    I2C3_SendByte                            0x080025f3   Thumb Code    84  iic3_body.o(.text)
    I2C3_WriteBuffer                         0x08002647   Thumb Code   102  iic3_body.o(.text)
    I2C3_ReadBuffer                          0x080026fd   Thumb Code   110  iic3_body.o(.text)
    i2c3writeBody                            0x0800276b   Thumb Code    40  iic3_body.o(.text)
    i2c3readBody                             0x08002793   Thumb Code    40  iic3_body.o(.text)
    I2C4_Start                               0x080027cd   Thumb Code    90  iic4_foot.o(.text)
    I2C4_Stop                                0x08002827   Thumb Code    56  iic4_foot.o(.text)
    I2C4_Ack                                 0x0800285f   Thumb Code    56  iic4_foot.o(.text)
    I2C4_NoAck                               0x08002897   Thumb Code    56  iic4_foot.o(.text)
    I2C4_WaitAck                             0x080028cf   Thumb Code    84  iic4_foot.o(.text)
    I2C4_SendByte                            0x08002923   Thumb Code    84  iic4_foot.o(.text)
    I2C4_WriteBuffer                         0x08002977   Thumb Code   102  iic4_foot.o(.text)
    I2C4_ReadBuffer                          0x08002a2d   Thumb Code   110  iic4_foot.o(.text)
    i2c4write_foot                           0x08002a9b   Thumb Code    40  iic4_foot.o(.text)
    i2c4read_foot                            0x08002ac3   Thumb Code    40  iic4_foot.o(.text)
    adcToWaistAndLegLengths                  0x08002afd   Thumb Code   142  prdsensordeal.o(.text)
    CalculatedLegAndWaistLength              0x08002b8b   Thumb Code   124  prdsensordeal.o(.text)
    checkFootMotionState                     0x08002c07   Thumb Code   190  prdsensordeal.o(.text)
    CalculatedPRDxyz                         0x08002cc5   Thumb Code   194  prdsensordeal.o(.text)
    footAccelToMontionSta                    0x08002ea1   Thumb Code   456  motionsta.o(.text)
    initVector                               0x0800308d   Thumb Code  1300  xyz_algo.o(.text)
    getFoot                                  0x080035a1   Thumb Code   318  xyz_algo.o(.text)
    getLeg                                   0x080036df   Thumb Code    62  xyz_algo.o(.text)
    getWaist                                 0x0800371d   Thumb Code   154  xyz_algo.o(.text)
    pitchrollyawToPRDxyz                     0x080037b7   Thumb Code   626  xyz_algo.o(.text)
    Reset_Handler                            0x08003a29   Thumb Code     8  startup_stm32f10x_md.o(.text)
    ADC1_2_IRQHandler                        0x08003a43   Thumb Code     0  startup_stm32f10x_md.o(.text)
    CAN1_RX1_IRQHandler                      0x08003a43   Thumb Code     0  startup_stm32f10x_md.o(.text)
    CAN1_SCE_IRQHandler                      0x08003a43   Thumb Code     0  startup_stm32f10x_md.o(.text)
    DMA1_Channel1_IRQHandler                 0x08003a43   Thumb Code     0  startup_stm32f10x_md.o(.text)
    DMA1_Channel2_IRQHandler                 0x08003a43   Thumb Code     0  startup_stm32f10x_md.o(.text)
    DMA1_Channel3_IRQHandler                 0x08003a43   Thumb Code     0  startup_stm32f10x_md.o(.text)
    DMA1_Channel4_IRQHandler                 0x08003a43   Thumb Code     0  startup_stm32f10x_md.o(.text)
    DMA1_Channel5_IRQHandler                 0x08003a43   Thumb Code     0  startup_stm32f10x_md.o(.text)
    DMA1_Channel6_IRQHandler                 0x08003a43   Thumb Code     0  startup_stm32f10x_md.o(.text)
    DMA1_Channel7_IRQHandler                 0x08003a43   Thumb Code     0  startup_stm32f10x_md.o(.text)
    EXTI0_IRQHandler                         0x08003a43   Thumb Code     0  startup_stm32f10x_md.o(.text)
    EXTI15_10_IRQHandler                     0x08003a43   Thumb Code     0  startup_stm32f10x_md.o(.text)
    EXTI1_IRQHandler                         0x08003a43   Thumb Code     0  startup_stm32f10x_md.o(.text)
    EXTI2_IRQHandler                         0x08003a43   Thumb Code     0  startup_stm32f10x_md.o(.text)
    EXTI3_IRQHandler                         0x08003a43   Thumb Code     0  startup_stm32f10x_md.o(.text)
    EXTI4_IRQHandler                         0x08003a43   Thumb Code     0  startup_stm32f10x_md.o(.text)
    EXTI9_5_IRQHandler                       0x08003a43   Thumb Code     0  startup_stm32f10x_md.o(.text)
    FLASH_IRQHandler                         0x08003a43   Thumb Code     0  startup_stm32f10x_md.o(.text)
    I2C1_ER_IRQHandler                       0x08003a43   Thumb Code     0  startup_stm32f10x_md.o(.text)
    I2C1_EV_IRQHandler                       0x08003a43   Thumb Code     0  startup_stm32f10x_md.o(.text)
    I2C2_ER_IRQHandler                       0x08003a43   Thumb Code     0  startup_stm32f10x_md.o(.text)
    I2C2_EV_IRQHandler                       0x08003a43   Thumb Code     0  startup_stm32f10x_md.o(.text)
    PVD_IRQHandler                           0x08003a43   Thumb Code     0  startup_stm32f10x_md.o(.text)
    RCC_IRQHandler                           0x08003a43   Thumb Code     0  startup_stm32f10x_md.o(.text)
    RTCAlarm_IRQHandler                      0x08003a43   Thumb Code     0  startup_stm32f10x_md.o(.text)
    RTC_IRQHandler                           0x08003a43   Thumb Code     0  startup_stm32f10x_md.o(.text)
    SPI1_IRQHandler                          0x08003a43   Thumb Code     0  startup_stm32f10x_md.o(.text)
    SPI2_IRQHandler                          0x08003a43   Thumb Code     0  startup_stm32f10x_md.o(.text)
    TAMPER_IRQHandler                        0x08003a43   Thumb Code     0  startup_stm32f10x_md.o(.text)
    TIM1_BRK_IRQHandler                      0x08003a43   Thumb Code     0  startup_stm32f10x_md.o(.text)
    TIM1_CC_IRQHandler                       0x08003a43   Thumb Code     0  startup_stm32f10x_md.o(.text)
    TIM1_TRG_COM_IRQHandler                  0x08003a43   Thumb Code     0  startup_stm32f10x_md.o(.text)
    TIM1_UP_IRQHandler                       0x08003a43   Thumb Code     0  startup_stm32f10x_md.o(.text)
    TIM2_IRQHandler                          0x08003a43   Thumb Code     0  startup_stm32f10x_md.o(.text)
    TIM3_IRQHandler                          0x08003a43   Thumb Code     0  startup_stm32f10x_md.o(.text)
    TIM4_IRQHandler                          0x08003a43   Thumb Code     0  startup_stm32f10x_md.o(.text)
    USBWakeUp_IRQHandler                     0x08003a43   Thumb Code     0  startup_stm32f10x_md.o(.text)
    USB_HP_CAN1_TX_IRQHandler                0x08003a43   Thumb Code     0  startup_stm32f10x_md.o(.text)
    USB_LP_CAN1_RX0_IRQHandler               0x08003a43   Thumb Code     0  startup_stm32f10x_md.o(.text)
    WWDG_IRQHandler                          0x08003a43   Thumb Code     0  startup_stm32f10x_md.o(.text)
    SystemInit                               0x08003b15   Thumb Code    78  system_stm32f10x.o(.text)
    SystemCoreClockUpdate                    0x08003b63   Thumb Code   142  system_stm32f10x.o(.text)
    NVIC_PriorityGroupConfig                 0x08003c15   Thumb Code    10  misc.o(.text)
    NVIC_Init                                0x08003c1f   Thumb Code   118  misc.o(.text)
    NVIC_SetVectorTable                      0x08003c95   Thumb Code    12  misc.o(.text)
    NVIC_SystemLPConfig                      0x08003ca1   Thumb Code    38  misc.o(.text)
    SysTick_CLKSourceConfig                  0x08003cc7   Thumb Code    40  misc.o(.text)
    ADC_DeInit                               0x08003d0d   Thumb Code    78  stm32f10x_adc.o(.text)
    ADC_Init                                 0x08003d5b   Thumb Code    70  stm32f10x_adc.o(.text)
    ADC_StructInit                           0x08003da1   Thumb Code    18  stm32f10x_adc.o(.text)
    ADC_Cmd                                  0x08003db3   Thumb Code    22  stm32f10x_adc.o(.text)
    ADC_DMACmd                               0x08003dc9   Thumb Code    22  stm32f10x_adc.o(.text)
    ADC_ITConfig                             0x08003ddf   Thumb Code    24  stm32f10x_adc.o(.text)
    ADC_ResetCalibration                     0x08003df7   Thumb Code    10  stm32f10x_adc.o(.text)
    ADC_GetResetCalibrationStatus            0x08003e01   Thumb Code    20  stm32f10x_adc.o(.text)
    ADC_StartCalibration                     0x08003e15   Thumb Code    10  stm32f10x_adc.o(.text)
    ADC_GetCalibrationStatus                 0x08003e1f   Thumb Code    20  stm32f10x_adc.o(.text)
    ADC_SoftwareStartConvCmd                 0x08003e33   Thumb Code    22  stm32f10x_adc.o(.text)
    ADC_GetSoftwareStartConvStatus           0x08003e49   Thumb Code    20  stm32f10x_adc.o(.text)
    ADC_DiscModeChannelCountConfig           0x08003e5d   Thumb Code    24  stm32f10x_adc.o(.text)
    ADC_DiscModeCmd                          0x08003e75   Thumb Code    22  stm32f10x_adc.o(.text)
    ADC_RegularChannelConfig                 0x08003e8b   Thumb Code   184  stm32f10x_adc.o(.text)
    ADC_ExternalTrigConvCmd                  0x08003f43   Thumb Code    22  stm32f10x_adc.o(.text)
    ADC_GetConversionValue                   0x08003f59   Thumb Code     8  stm32f10x_adc.o(.text)
    ADC_GetDualModeConversionValue           0x08003f61   Thumb Code     6  stm32f10x_adc.o(.text)
    ADC_AutoInjectedConvCmd                  0x08003f67   Thumb Code    22  stm32f10x_adc.o(.text)
    ADC_InjectedDiscModeCmd                  0x08003f7d   Thumb Code    22  stm32f10x_adc.o(.text)
    ADC_ExternalTrigInjectedConvConfig       0x08003f93   Thumb Code    16  stm32f10x_adc.o(.text)
    ADC_ExternalTrigInjectedConvCmd          0x08003fa3   Thumb Code    22  stm32f10x_adc.o(.text)
    ADC_SoftwareStartInjectedConvCmd         0x08003fb9   Thumb Code    22  stm32f10x_adc.o(.text)
    ADC_GetSoftwareStartInjectedConvCmdStatus 0x08003fcf   Thumb Code    20  stm32f10x_adc.o(.text)
    ADC_InjectedChannelConfig                0x08003fe3   Thumb Code   130  stm32f10x_adc.o(.text)
    ADC_InjectedSequencerLengthConfig        0x08004065   Thumb Code    24  stm32f10x_adc.o(.text)
    ADC_SetInjectedOffset                    0x0800407d   Thumb Code    12  stm32f10x_adc.o(.text)
    ADC_GetInjectedConversionValue           0x08004089   Thumb Code    18  stm32f10x_adc.o(.text)
    ADC_AnalogWatchdogCmd                    0x0800409b   Thumb Code    16  stm32f10x_adc.o(.text)
    ADC_AnalogWatchdogThresholdsConfig       0x080040ab   Thumb Code     6  stm32f10x_adc.o(.text)
    ADC_AnalogWatchdogSingleChannelConfig    0x080040b1   Thumb Code    16  stm32f10x_adc.o(.text)
    ADC_TempSensorVrefintCmd                 0x080040c1   Thumb Code    34  stm32f10x_adc.o(.text)
    ADC_GetFlagStatus                        0x080040e3   Thumb Code    54  stm32f10x_adc.o(.text)
    ADC_ClearFlag                            0x08004119   Thumb Code     6  stm32f10x_adc.o(.text)
    ADC_GetITStatus                          0x0800411f   Thumb Code    36  stm32f10x_adc.o(.text)
    ADC_ClearITPendingBit                    0x08004143   Thumb Code    10  stm32f10x_adc.o(.text)
    GPIO_DeInit                              0x0800414d   Thumb Code   172  stm32f10x_gpio.o(.text)
    GPIO_AFIODeInit                          0x080041f9   Thumb Code    20  stm32f10x_gpio.o(.text)
    GPIO_Init                                0x0800420d   Thumb Code   274  stm32f10x_gpio.o(.text)
    GPIO_StructInit                          0x0800431f   Thumb Code    16  stm32f10x_gpio.o(.text)
    GPIO_ReadInputDataBit                    0x0800432f   Thumb Code    18  stm32f10x_gpio.o(.text)
    GPIO_ReadInputData                       0x08004341   Thumb Code     8  stm32f10x_gpio.o(.text)
    GPIO_ReadOutputDataBit                   0x08004349   Thumb Code    18  stm32f10x_gpio.o(.text)
    GPIO_ReadOutputData                      0x0800435b   Thumb Code     8  stm32f10x_gpio.o(.text)
    GPIO_SetBits                             0x08004363   Thumb Code     4  stm32f10x_gpio.o(.text)
    GPIO_ResetBits                           0x08004367   Thumb Code     4  stm32f10x_gpio.o(.text)
    GPIO_WriteBit                            0x0800436b   Thumb Code    10  stm32f10x_gpio.o(.text)
    GPIO_Write                               0x08004375   Thumb Code     4  stm32f10x_gpio.o(.text)
    GPIO_PinLockConfig                       0x08004379   Thumb Code    18  stm32f10x_gpio.o(.text)
    GPIO_EventOutputConfig                   0x0800438b   Thumb Code    26  stm32f10x_gpio.o(.text)
    GPIO_EventOutputCmd                      0x080043a5   Thumb Code     6  stm32f10x_gpio.o(.text)
    GPIO_PinRemapConfig                      0x080043ab   Thumb Code   138  stm32f10x_gpio.o(.text)
    GPIO_EXTILineConfig                      0x08004435   Thumb Code    66  stm32f10x_gpio.o(.text)
    GPIO_ETH_MediaInterfaceConfig            0x08004477   Thumb Code     6  stm32f10x_gpio.o(.text)
    RCC_DeInit                               0x080044a5   Thumb Code    64  stm32f10x_rcc.o(.text)
    RCC_HSEConfig                            0x080044e5   Thumb Code    70  stm32f10x_rcc.o(.text)
    RCC_GetFlagStatus                        0x0800452b   Thumb Code    56  stm32f10x_rcc.o(.text)
    RCC_WaitForHSEStartUp                    0x08004563   Thumb Code    48  stm32f10x_rcc.o(.text)
    RCC_AdjustHSICalibrationValue            0x08004593   Thumb Code    20  stm32f10x_rcc.o(.text)
    RCC_HSICmd                               0x080045a7   Thumb Code     6  stm32f10x_rcc.o(.text)
    RCC_PLLConfig                            0x080045ad   Thumb Code    24  stm32f10x_rcc.o(.text)
    RCC_PLLCmd                               0x080045c5   Thumb Code     6  stm32f10x_rcc.o(.text)
    RCC_SYSCLKConfig                         0x080045cb   Thumb Code    18  stm32f10x_rcc.o(.text)
    RCC_GetSYSCLKSource                      0x080045dd   Thumb Code    10  stm32f10x_rcc.o(.text)
    RCC_HCLKConfig                           0x080045e7   Thumb Code    18  stm32f10x_rcc.o(.text)
    RCC_PCLK1Config                          0x080045f9   Thumb Code    18  stm32f10x_rcc.o(.text)
    RCC_PCLK2Config                          0x0800460b   Thumb Code    20  stm32f10x_rcc.o(.text)
    RCC_ITConfig                             0x0800461f   Thumb Code    30  stm32f10x_rcc.o(.text)
    RCC_USBCLKConfig                         0x0800463d   Thumb Code     6  stm32f10x_rcc.o(.text)
    RCC_ADCCLKConfig                         0x08004643   Thumb Code    18  stm32f10x_rcc.o(.text)
    RCC_LSEConfig                            0x08004655   Thumb Code    44  stm32f10x_rcc.o(.text)
    RCC_LSICmd                               0x08004681   Thumb Code     6  stm32f10x_rcc.o(.text)
    RCC_RTCCLKConfig                         0x08004687   Thumb Code    12  stm32f10x_rcc.o(.text)
    RCC_RTCCLKCmd                            0x08004693   Thumb Code     6  stm32f10x_rcc.o(.text)
    RCC_GetClocksFreq                        0x08004699   Thumb Code   192  stm32f10x_rcc.o(.text)
    RCC_AHBPeriphClockCmd                    0x08004759   Thumb Code    26  stm32f10x_rcc.o(.text)
    RCC_APB2PeriphClockCmd                   0x08004773   Thumb Code    26  stm32f10x_rcc.o(.text)
    RCC_APB1PeriphClockCmd                   0x0800478d   Thumb Code    26  stm32f10x_rcc.o(.text)
    RCC_APB2PeriphResetCmd                   0x080047a7   Thumb Code    26  stm32f10x_rcc.o(.text)
    RCC_APB1PeriphResetCmd                   0x080047c1   Thumb Code    26  stm32f10x_rcc.o(.text)
    RCC_BackupResetCmd                       0x080047db   Thumb Code     6  stm32f10x_rcc.o(.text)
    RCC_ClockSecuritySystemCmd               0x080047e1   Thumb Code     6  stm32f10x_rcc.o(.text)
    RCC_MCOConfig                            0x080047e7   Thumb Code     6  stm32f10x_rcc.o(.text)
    RCC_ClearFlag                            0x080047ed   Thumb Code    14  stm32f10x_rcc.o(.text)
    RCC_GetITStatus                          0x080047fb   Thumb Code    20  stm32f10x_rcc.o(.text)
    RCC_ClearITPendingBit                    0x0800480f   Thumb Code     6  stm32f10x_rcc.o(.text)
    USART_DeInit                             0x08004849   Thumb Code   134  stm32f10x_usart.o(.text)
    USART_Init                               0x080048cf   Thumb Code   210  stm32f10x_usart.o(.text)
    USART_StructInit                         0x080049a1   Thumb Code    24  stm32f10x_usart.o(.text)
    USART_ClockInit                          0x080049b9   Thumb Code    34  stm32f10x_usart.o(.text)
    USART_ClockStructInit                    0x080049db   Thumb Code    12  stm32f10x_usart.o(.text)
    USART_Cmd                                0x080049e7   Thumb Code    24  stm32f10x_usart.o(.text)
    USART_ITConfig                           0x080049ff   Thumb Code    74  stm32f10x_usart.o(.text)
    USART_DMACmd                             0x08004a49   Thumb Code    24  stm32f10x_usart.o(.text)
    USART_SetAddress                         0x08004a61   Thumb Code    18  stm32f10x_usart.o(.text)
    USART_WakeUpConfig                       0x08004a73   Thumb Code    18  stm32f10x_usart.o(.text)
    USART_ReceiverWakeUpCmd                  0x08004a85   Thumb Code    24  stm32f10x_usart.o(.text)
    USART_LINBreakDetectLengthConfig         0x08004a9d   Thumb Code    18  stm32f10x_usart.o(.text)
    USART_LINCmd                             0x08004aaf   Thumb Code    24  stm32f10x_usart.o(.text)
    USART_SendData                           0x08004ac7   Thumb Code     8  stm32f10x_usart.o(.text)
    USART_ReceiveData                        0x08004acf   Thumb Code    10  stm32f10x_usart.o(.text)
    USART_SendBreak                          0x08004ad9   Thumb Code    10  stm32f10x_usart.o(.text)
    USART_SetGuardTime                       0x08004ae3   Thumb Code    16  stm32f10x_usart.o(.text)
    USART_SetPrescaler                       0x08004af3   Thumb Code    16  stm32f10x_usart.o(.text)
    USART_SmartCardCmd                       0x08004b03   Thumb Code    24  stm32f10x_usart.o(.text)
    USART_SmartCardNACKCmd                   0x08004b1b   Thumb Code    24  stm32f10x_usart.o(.text)
    USART_HalfDuplexCmd                      0x08004b33   Thumb Code    24  stm32f10x_usart.o(.text)
    USART_OverSampling8Cmd                   0x08004b4b   Thumb Code    22  stm32f10x_usart.o(.text)
    USART_OneBitMethodCmd                    0x08004b61   Thumb Code    24  stm32f10x_usart.o(.text)
    USART_IrDAConfig                         0x08004b79   Thumb Code    18  stm32f10x_usart.o(.text)
    USART_IrDACmd                            0x08004b8b   Thumb Code    24  stm32f10x_usart.o(.text)
    USART_GetFlagStatus                      0x08004ba3   Thumb Code    26  stm32f10x_usart.o(.text)
    USART_ClearFlag                          0x08004bbd   Thumb Code    18  stm32f10x_usart.o(.text)
    USART_GetITStatus                        0x08004bcf   Thumb Code    84  stm32f10x_usart.o(.text)
    USART_ClearITPendingBit                  0x08004c23   Thumb Code    50  stm32f10x_usart.o(.text)
    DMA_DeInit                               0x08004c55   Thumb Code   320  stm32f10x_dma.o(.text)
    DMA_Init                                 0x08004d95   Thumb Code    60  stm32f10x_dma.o(.text)
    DMA_StructInit                           0x08004dd1   Thumb Code    26  stm32f10x_dma.o(.text)
    DMA_Cmd                                  0x08004deb   Thumb Code    24  stm32f10x_dma.o(.text)
    DMA_ITConfig                             0x08004e03   Thumb Code    18  stm32f10x_dma.o(.text)
    DMA_SetCurrDataCounter                   0x08004e15   Thumb Code     4  stm32f10x_dma.o(.text)
    DMA_GetCurrDataCounter                   0x08004e19   Thumb Code     8  stm32f10x_dma.o(.text)
    DMA_GetFlagStatus                        0x08004e21   Thumb Code    34  stm32f10x_dma.o(.text)
    DMA_ClearFlag                            0x08004e43   Thumb Code    18  stm32f10x_dma.o(.text)
    DMA_GetITStatus                          0x08004e55   Thumb Code    34  stm32f10x_dma.o(.text)
    DMA_ClearITPendingBit                    0x08004e77   Thumb Code    18  stm32f10x_dma.o(.text)
    FLASH_SetLatency                         0x08004e9d   Thumb Code    18  stm32f10x_flash.o(.text)
    FLASH_HalfCycleAccessCmd                 0x08004eaf   Thumb Code    22  stm32f10x_flash.o(.text)
    FLASH_PrefetchBufferCmd                  0x08004ec5   Thumb Code    22  stm32f10x_flash.o(.text)
    FLASH_Unlock                             0x08004edb   Thumb Code    12  stm32f10x_flash.o(.text)
    FLASH_UnlockBank1                        0x08004ee7   Thumb Code    12  stm32f10x_flash.o(.text)
    FLASH_Lock                               0x08004ef3   Thumb Code    14  stm32f10x_flash.o(.text)
    FLASH_LockBank1                          0x08004f01   Thumb Code    14  stm32f10x_flash.o(.text)
    FLASH_GetBank1Status                     0x08004f0f   Thumb Code    50  stm32f10x_flash.o(.text)
    FLASH_WaitForLastOperation               0x08004f41   Thumb Code    38  stm32f10x_flash.o(.text)
    FLASH_ErasePage                          0x08004f67   Thumb Code    72  stm32f10x_flash.o(.text)
    FLASH_EraseAllPages                      0x08004faf   Thumb Code    68  stm32f10x_flash.o(.text)
    FLASH_WaitForLastBank1Operation          0x08004ff3   Thumb Code    38  stm32f10x_flash.o(.text)
    FLASH_EraseAllBank1Pages                 0x08005019   Thumb Code    68  stm32f10x_flash.o(.text)
    FLASH_GetReadOutProtectionStatus         0x0800505d   Thumb Code    20  stm32f10x_flash.o(.text)
    FLASH_EraseOptionBytes                   0x08005071   Thumb Code   152  stm32f10x_flash.o(.text)
    FLASH_ProgramWord                        0x08005109   Thumb Code    96  stm32f10x_flash.o(.text)
    FLASH_ProgramHalfWord                    0x08005169   Thumb Code    60  stm32f10x_flash.o(.text)
    FLASH_ProgramOptionByteData              0x080051a5   Thumb Code    72  stm32f10x_flash.o(.text)
    FLASH_EnableWriteProtection              0x080051ed   Thumb Code   208  stm32f10x_flash.o(.text)
    FLASH_ReadOutProtection                  0x080052bd   Thumb Code   156  stm32f10x_flash.o(.text)
    FLASH_UserOptionByteConfig               0x08005359   Thumb Code    88  stm32f10x_flash.o(.text)
    FLASH_GetUserOptionByte                  0x080053b1   Thumb Code     8  stm32f10x_flash.o(.text)
    FLASH_GetWriteProtectionOptionByte       0x080053b9   Thumb Code     6  stm32f10x_flash.o(.text)
    FLASH_GetPrefetchBufferStatus            0x080053bf   Thumb Code    20  stm32f10x_flash.o(.text)
    FLASH_ITConfig                           0x080053d3   Thumb Code    26  stm32f10x_flash.o(.text)
    FLASH_GetFlagStatus                      0x080053ed   Thumb Code    42  stm32f10x_flash.o(.text)
    FLASH_ClearFlag                          0x08005417   Thumb Code     6  stm32f10x_flash.o(.text)
    FLASH_GetStatus                          0x0800541d   Thumb Code    50  stm32f10x_flash.o(.text)
    mpu_reg_dump                             0x080054f3   Thumb Code    74  inv_mpu.o(.text)
    mpu_read_reg                             0x0800553d   Thumb Code    68  inv_mpu.o(.text)
    needChangeSlaveAddr                      0x08005581   Thumb Code     8  inv_mpu.o(.text)
    mpu_set_int_latched                      0x08005589   Thumb Code   104  inv_mpu.o(.text)
    mpu_set_sensors                          0x080055f1   Thumb Code   364  inv_mpu.o(.text)
    mpu_set_compass_sample_rate              0x0800575d   Thumb Code    94  inv_mpu.o(.text)
    mpu_set_bypass                           0x080057bb   Thumb Code   356  inv_mpu.o(.text)
    mpu_reset_fifo                           0x08005a91   Thumb Code   484  inv_mpu.o(.text)
    mpu_configure_fifo                       0x08005c75   Thumb Code   106  inv_mpu.o(.text)
    mpu_set_lpf                              0x08005cdf   Thumb Code   128  inv_mpu.o(.text)
    mpu_lp_accel_mode                        0x08005d5f   Thumb Code   286  inv_mpu.o(.text)
    mpu_set_sample_rate                      0x08005e7d   Thumb Code   176  inv_mpu.o(.text)
    mpu_set_accel_fsr                        0x08005f2d   Thumb Code   128  inv_mpu.o(.text)
    mpu_set_gyro_fsr                         0x08005fad   Thumb Code   134  inv_mpu.o(.text)
    mpu_init                                 0x08006033   Thumb Code   364  inv_mpu.o(.text)
    mpu_get_gyro_reg                         0x0800619f   Thumb Code   112  inv_mpu.o(.text)
    mpu_get_accel_reg                        0x0800620f   Thumb Code   112  inv_mpu.o(.text)
    mpu_get_temperature                      0x0800627f   Thumb Code   152  inv_mpu.o(.text)
    mpu_set_accel_bias                       0x08006317   Thumb Code   404  inv_mpu.o(.text)
    mpu_get_gyro_fsr                         0x080064ab   Thumb Code    64  inv_mpu.o(.text)
    mpu_get_accel_fsr                        0x080064eb   Thumb Code    72  inv_mpu.o(.text)
    mpu_get_lpf                              0x08006533   Thumb Code    74  inv_mpu.o(.text)
    mpu_get_sample_rate                      0x0800657d   Thumb Code    26  inv_mpu.o(.text)
    mpu_get_compass_sample_rate              0x08006597   Thumb Code    12  inv_mpu.o(.text)
    mpu_get_gyro_sens                        0x080065a3   Thumb Code    58  inv_mpu.o(.text)
    mpu_get_accel_sens                       0x080065dd   Thumb Code    78  inv_mpu.o(.text)
    mpu_get_fifo_config                      0x0800662b   Thumb Code    12  inv_mpu.o(.text)
    mpu_get_power_state                      0x08006637   Thumb Code    22  inv_mpu.o(.text)
    mpu_get_int_status                       0x0800664d   Thumb Code    66  inv_mpu.o(.text)
    mpu_read_fifo                            0x0800668f   Thumb Code   554  inv_mpu.o(.text)
    mpu_read_fifo_stream                     0x080068b9   Thumb Code   204  inv_mpu.o(.text)
    mpu_set_int_level                        0x08006985   Thumb Code    12  inv_mpu.o(.text)
    mpu_set_dmp_state                        0x08006e91   Thumb Code   142  inv_mpu.o(.text)
    mpu_run_self_test                        0x08006f1f   Thumb Code   168  inv_mpu.o(.text)
    mpu_write_mem                            0x08006fc7   Thumb Code   126  inv_mpu.o(.text)
    mpu_read_mem                             0x08007045   Thumb Code   126  inv_mpu.o(.text)
    mpu_load_firmware                        0x080070c3   Thumb Code   204  inv_mpu.o(.text)
    mpu_get_dmp_state                        0x0800718f   Thumb Code    14  inv_mpu.o(.text)
    mpu_get_compass_reg                      0x0800719d   Thumb Code   228  inv_mpu.o(.text)
    mpu_get_compass_fsr                      0x08007281   Thumb Code    14  inv_mpu.o(.text)
    mpu_lp_motion_interrupt                  0x0800728f   Thumb Code   644  inv_mpu.o(.text)
    dmp_load_motion_driver_firmware          0x08007525   Thumb Code    20  inv_mpu_dmp_motion_driver.o(.text)
    dmp_set_orientation                      0x08007539   Thumb Code   290  inv_mpu_dmp_motion_driver.o(.text)
    dmp_set_gyro_bias                        0x0800765b   Thumb Code   310  inv_mpu_dmp_motion_driver.o(.text)
    dmp_set_accel_bias                       0x08007791   Thumb Code   328  inv_mpu_dmp_motion_driver.o(.text)
    dmp_set_fifo_rate                        0x080078d9   Thumb Code   136  inv_mpu_dmp_motion_driver.o(.text)
    dmp_get_fifo_rate                        0x08007961   Thumb Code    12  inv_mpu_dmp_motion_driver.o(.text)
    dmp_set_tap_thresh                       0x0800796d   Thumb Code   396  inv_mpu_dmp_motion_driver.o(.text)
    dmp_set_tap_axes                         0x08007af9   Thumb Code    70  inv_mpu_dmp_motion_driver.o(.text)
    dmp_set_tap_count                        0x08007b3f   Thumb Code    38  inv_mpu_dmp_motion_driver.o(.text)
    dmp_set_tap_time                         0x08007b65   Thumb Code    38  inv_mpu_dmp_motion_driver.o(.text)
    dmp_set_tap_time_multi                   0x08007b8b   Thumb Code    38  inv_mpu_dmp_motion_driver.o(.text)
    dmp_set_shake_reject_thresh              0x08007bb1   Thumb Code    56  inv_mpu_dmp_motion_driver.o(.text)
    dmp_set_shake_reject_time                0x08007be9   Thumb Code    38  inv_mpu_dmp_motion_driver.o(.text)
    dmp_set_shake_reject_timeout             0x08007c0f   Thumb Code    38  inv_mpu_dmp_motion_driver.o(.text)
    dmp_get_pedometer_step_count             0x08007c35   Thumb Code    66  inv_mpu_dmp_motion_driver.o(.text)
    dmp_set_pedometer_step_count             0x08007c77   Thumb Code    42  inv_mpu_dmp_motion_driver.o(.text)
    dmp_get_pedometer_walk_time              0x08007ca1   Thumb Code    72  inv_mpu_dmp_motion_driver.o(.text)
    dmp_set_pedometer_walk_time              0x08007ce9   Thumb Code    48  inv_mpu_dmp_motion_driver.o(.text)
    dmp_enable_6x_lp_quat                    0x08007d19   Thumb Code    84  inv_mpu_dmp_motion_driver.o(.text)
    dmp_enable_lp_quat                       0x08007d6d   Thumb Code    60  inv_mpu_dmp_motion_driver.o(.text)
    dmp_enable_gyro_cal                      0x08007da9   Thumb Code    62  inv_mpu_dmp_motion_driver.o(.text)
    dmp_enable_feature                       0x08007de7   Thumb Code   530  inv_mpu_dmp_motion_driver.o(.text)
    dmp_get_enabled_features                 0x08007ff9   Thumb Code    12  inv_mpu_dmp_motion_driver.o(.text)
    dmp_set_interrupt_mode                   0x08008063   Thumb Code    66  inv_mpu_dmp_motion_driver.o(.text)
    dmp_read_fifo                            0x080080a5   Thumb Code   512  inv_mpu_dmp_motion_driver.o(.text)
    dmp_register_tap_cb                      0x080082a5   Thumb Code    10  inv_mpu_dmp_motion_driver.o(.text)
    dmp_register_android_orient_cb           0x080082af   Thumb Code    10  inv_mpu_dmp_motion_driver.o(.text)
    __aeabi_ldivmod                          0x080082bd   Thumb Code    90  ldiv.o(.text)
    __aeabi_llsl                             0x08008317   Thumb Code    30  llshl.o(.text)
    _ll_shift_l                              0x08008317   Thumb Code     0  llshl.o(.text)
    __aeabi_lasr                             0x08008335   Thumb Code    36  llsshr.o(.text)
    _ll_sshift_r                             0x08008335   Thumb Code     0  llsshr.o(.text)
    __aeabi_memset                           0x08008359   Thumb Code    14  memseta.o(.text)
    __aeabi_memset4                          0x08008359   Thumb Code     0  memseta.o(.text)
    __aeabi_memset8                          0x08008359   Thumb Code     0  memseta.o(.text)
    __aeabi_memclr                           0x08008367   Thumb Code     4  memseta.o(.text)
    __aeabi_memclr4                          0x08008367   Thumb Code     0  memseta.o(.text)
    __aeabi_memclr8                          0x08008367   Thumb Code     0  memseta.o(.text)
    _memset$wrapper                          0x0800836b   Thumb Code    20  memseta.o(.text)
    strncpy                                  0x0800837f   Thumb Code    24  strncpy.o(.text)
    memcmp                                   0x08008397   Thumb Code    26  memcmp.o(.text)
    strncmp                                  0x080083b1   Thumb Code    30  strncmp.o(.text)
    __aeabi_fadd                             0x080083cf   Thumb Code   164  fadd.o(.text)
    __aeabi_fsub                             0x08008473   Thumb Code     6  fadd.o(.text)
    __aeabi_frsub                            0x08008479   Thumb Code     6  fadd.o(.text)
    __aeabi_fmul                             0x0800847f   Thumb Code   108  fmul.o(.text)
    __aeabi_fdiv                             0x080084eb   Thumb Code   128  fdiv.o(.text)
    __aeabi_dadd                             0x0800856b   Thumb Code   318  dadd.o(.text)
    __aeabi_dsub                             0x080086a9   Thumb Code     6  dadd.o(.text)
    __aeabi_drsub                            0x080086af   Thumb Code     6  dadd.o(.text)
    __aeabi_dmul                             0x080086b5   Thumb Code   226  dmul.o(.text)
    __aeabi_ddiv                             0x08008797   Thumb Code   222  ddiv.o(.text)
    __aeabi_i2f                              0x08008875   Thumb Code    18  fflti.o(.text)
    __aeabi_ui2f                             0x08008887   Thumb Code    10  ffltui.o(.text)
    __aeabi_i2d                              0x08008891   Thumb Code    34  dflti.o(.text)
    __aeabi_ui2d                             0x080088b3   Thumb Code    26  dfltui.o(.text)
    __aeabi_f2iz                             0x080088cd   Thumb Code    50  ffixi.o(.text)
    __aeabi_f2uiz                            0x080088ff   Thumb Code    40  ffixui.o(.text)
    __aeabi_d2uiz                            0x08008927   Thumb Code    46  dfixui.o(.text)
    __aeabi_f2d                              0x08008955   Thumb Code    44  f2d.o(.text)
    __aeabi_cdcmpeq                          0x08008981   Thumb Code     0  cdcmple.o(.text)
    __aeabi_cdcmple                          0x08008981   Thumb Code    38  cdcmple.o(.text)
    __aeabi_cdrcmple                         0x080089a9   Thumb Code    38  cdrcmple.o(.text)
    __aeabi_d2f                              0x080089d1   Thumb Code    56  d2f.o(.text)
    __aeabi_cfcmpeq                          0x08008a09   Thumb Code     0  cfcmple.o(.text)
    __aeabi_cfcmple                          0x08008a09   Thumb Code    20  cfcmple.o(.text)
    __aeabi_cfrcmple                         0x08008a1d   Thumb Code    20  cfrcmple.o(.text)
    __aeabi_uidiv                            0x08008a31   Thumb Code     0  uidiv.o(.text)
    __aeabi_uidivmod                         0x08008a31   Thumb Code    44  uidiv.o(.text)
    __aeabi_uldivmod                         0x08008a5d   Thumb Code   102  uldiv.o(.text)
    __aeabi_llsr                             0x08008ac3   Thumb Code    32  llushr.o(.text)
    _ll_ushift_r                             0x08008ac3   Thumb Code     0  llushr.o(.text)
    __I$use$fp                               0x08008ae3   Thumb Code     0  iusefp.o(.text)
    _float_round                             0x08008ae3   Thumb Code    18  fepilogue.o(.text)
    _float_epilogue                          0x08008af5   Thumb Code    94  fepilogue.o(.text)
    _double_round                            0x08008b53   Thumb Code    26  depilogue.o(.text)
    _double_epilogue                         0x08008b6d   Thumb Code   168  depilogue.o(.text)
    __ARM_scalbn                             0x08008c15   Thumb Code    46  dscalb.o(.text)
    scalbn                                   0x08008c15   Thumb Code     0  dscalb.o(.text)
    __aeabi_d2ulz                            0x08008c43   Thumb Code    48  dfixul.o(.text)
    __scatterload                            0x08008c75   Thumb Code    28  init.o(.text)
    __scatterload_rt2                        0x08008c75   Thumb Code     0  init.o(.text)
    _dsqrt                                   0x08008c99   Thumb Code   160  dsqrt.o(.text)
    __aeabi_d2iz                             0x08008d39   Thumb Code    62  dfixi.o(.text)
    __decompress                             0x08008d77   Thumb Code     0  __dczerorl2.o(.text)
    __decompress1                            0x08008d77   Thumb Code    92  __dczerorl2.o(.text)
    __0printf                                0x08008dd5   Thumb Code    22  printfa.o(i.__0printf)
    __1printf                                0x08008dd5   Thumb Code     0  printfa.o(i.__0printf)
    __2printf                                0x08008dd5   Thumb Code     0  printfa.o(i.__0printf)
    __c89printf                              0x08008dd5   Thumb Code     0  printfa.o(i.__0printf)
    printf                                   0x08008dd5   Thumb Code     0  printfa.o(i.__0printf)
    __ARM_fpclassify                         0x08008df5   Thumb Code    40  fpclassify.o(i.__ARM_fpclassify)
    __ieee754_rem_pio2                       0x08008e1d   Thumb Code   832  rred.o(i.__ieee754_rem_pio2)
    __kernel_cos                             0x080091a5   Thumb Code   230  cos_i.o(i.__kernel_cos)
    __kernel_poly                            0x080092a1   Thumb Code   170  poly.o(i.__kernel_poly)
    __kernel_sin                             0x0800934d   Thumb Code   226  sin_i.o(i.__kernel_sin)
    __kernel_tan                             0x0800943d   Thumb Code   586  tan_i.o(i.__kernel_tan)
    __mathlib_dbl_underflow                  0x080096b9   Thumb Code    10  dunder.o(i.__mathlib_dbl_underflow)
    __scatterload_copy                       0x080096c9   Thumb Code    14  handlers.o(i.__scatterload_copy)
    __scatterload_null                       0x080096d7   Thumb Code     2  handlers.o(i.__scatterload_null)
    __scatterload_zeroinit                   0x080096d9   Thumb Code    14  handlers.o(i.__scatterload_zeroinit)
    __set_errno                              0x080096e9   Thumb Code     6  errno.o(i.__set_errno)
    asin                                     0x08009f71   Thumb Code   586  asin.o(i.asin)
    atan                                     0x0800a1f1   Thumb Code   480  atan.o(i.atan)
    atan2                                    0x0800a415   Thumb Code   346  atan2.o(i.atan2)
    cos                                      0x0800a595   Thumb Code   164  cos.o(i.cos)
    pow                                      0x0800a641   Thumb Code  2510  pow.o(i.pow)
    sin                                      0x0800b019   Thumb Code   166  sin.o(i.sin)
    sqrt                                     0x0800b0c9   Thumb Code    74  sqrt.o(i.sqrt)
    tan                                      0x0800b115   Thumb Code   106  tan.o(i.tan)
    reg                                      0x0800b1cc   Data          42  inv_mpu.o(.constdata)
    test                                     0x0800b1f8   Data          48  inv_mpu.o(.constdata)
    __mathlib_zero                           0x0800bfc0   Data           8  qnan.o(.constdata)
    Region$$Table$$Base                      0x0800c118   Number         0  anon$$obj.o(Region$$Table)
    Region$$Table$$Limit                     0x0800c138   Number         0  anon$$obj.o(Region$$Table)
    errCodeMpu                               0x20000000   Data           1  main.o(.data)
    errCodeInfrared                          0x20000001   Data           1  main.o(.data)
    LocalTime                                0x20000004   Data           4  delay.o(.data)
    g_usrLoginFlag                           0x2000000c   Data           1  dataprotocol.o(.data)
    g_msgG                                   0x20000010   Data           4  dataprotocol.o(.data)
    g_msgS                                   0x20000014   Data           4  dataprotocol.o(.data)
    g_msgCtrl                                0x20000018   Data           4  dataprotocol.o(.data)
    q0                                       0x2000001c   Data           4  pitchrollyaw.o(.data)
    q1                                       0x20000020   Data           4  pitchrollyaw.o(.data)
    q2                                       0x20000024   Data           4  pitchrollyaw.o(.data)
    q3                                       0x20000028   Data           4  pitchrollyaw.o(.data)
    show_tab                                 0x2000002c   Data          11  pitchrollyaw.o(.data)
    mpu9250_iic_SensorList                   0x20000040   Data          84  pitchrollyaw.o(.data)
    Pitch                                    0x20000094   Data           4  pitchrollyaw.o(.data)
    Roll                                     0x20000098   Data           4  pitchrollyaw.o(.data)
    Yaw                                      0x2000009c   Data           4  pitchrollyaw.o(.data)
    temp                                     0x200000a0   Data           4  pitchrollyaw.o(.data)
    rx_new                                   0x200000a4   Data           1  pitchrollyaw.o(.data)
    sensor_timestamp                         0x200000a8   Data           4  pitchrollyaw.o(.data)
    gyro                                     0x200000ac   Data           6  pitchrollyaw.o(.data)
    accel                                    0x200000b2   Data           6  pitchrollyaw.o(.data)
    sensors                                  0x200000b8   Data           2  pitchrollyaw.o(.data)
    more                                     0x200000ba   Data           1  pitchrollyaw.o(.data)
    lenFixVal                                0x200000bc   Data          20  prdsensordeal.o(.data)
    statusLeft                               0x200000d4   Data           1  motionsta.o(.data)
    statusRight                              0x200000d5   Data           1  motionsta.o(.data)
    flagLeft                                 0x200000d6   Data           1  motionsta.o(.data)
    flagRight                                0x200000d7   Data           1  motionsta.o(.data)
    lastAccelRight                           0x200000d8   Data           4  motionsta.o(.data)
    lastAccelLeft                            0x200000dc   Data           4  motionsta.o(.data)
    SHOES_LONG                               0x200000e0   Data           4  xyz_algo.o(.data)
    SHOES_WIDE                               0x200000e4   Data           4  xyz_algo.o(.data)
    SHOES_HEIGHT                             0x200000e8   Data           4  xyz_algo.o(.data)
    WAIST_WIDE                               0x200000ec   Data           4  xyz_algo.o(.data)
    SystemCoreClock                          0x200000f0   Data           4  system_stm32f10x.o(.data)
    AHBPrescTable                            0x200000f4   Data          16  system_stm32f10x.o(.data)
    hw                                       0x20000118   Data          14  inv_mpu.o(.data)
    st                                       0x20000128   Data          56  inv_mpu.o(.data)
    g_mag_sens_adj                           0x20000160   Data          42  inv_mpu.o(.data)
    i2c_write                                0x2000018c   Data           4  inv_mpu.o(.data)
    i2c_read                                 0x20000190   Data           4  inv_mpu.o(.data)
    __stdout                                 0x20000194   Data           4  stdout.o(.data)
    ADC1ConvertedValue                       0x2000019c   Data         100  infrared.o(.bss)
    averageADC                               0x20000200   Data          20  infrared.o(.bss)
    msgBuf                                   0x20000214   Data         500  dataprotocol.o(.bss)
    msgBufSize                               0x20000408   Data          20  dataprotocol.o(.bss)
    g_usrInfo                                0x2000041c   Data          17  dataprotocol.o(.bss)
    g_sendMsgQueue                           0x2000042d   Data        2502  dataprotocol.o(.bss)
    Pitch_error                              0x20000e04   Data          28  pitchrollyaw.o(.bss)
    Roll_error                               0x20000e20   Data          28  pitchrollyaw.o(.bss)
    Yaw_error                                0x20000e3c   Data          28  pitchrollyaw.o(.bss)
    quat                                     0x20000e58   Data          16  pitchrollyaw.o(.bss)
    measureLengths                           0x20000e68   Data          20  prdsensordeal.o(.bss)
    astPRDpry                                0x20000e7c   Data          84  prdsensordeal.o(.bss)
    data                                     0x20000ed0   Data          12  xyz_algo.o(.bss)
    __initial_sp                             0x200012f0   Data           0  startup_stm32f10x_md.o(STACK)



==============================================================================

Memory Map of the image

  Image Entry point : 0x080000ed

  Load Region LR_IROM1 (Base: 0x08000000, Size: 0x0000c2d4, Max: 0x0000ff00, ABSOLUTE, COMPRESSED[0x0000c1e0])

    Execution Region ER_IROM1 (Base: 0x08000000, Size: 0x0000c138, Max: 0x0000ff00, ABSOLUTE)

    Base Addr    Size         Type   Attr      Idx    E Section Name        Object

    0x08000000   0x000000ec   Data   RO          370    RESET               startup_stm32f10x_md.o
    0x080000ec   0x00000000   Code   RO          589  * .ARM.Collect$$$$00000000  mc_w.l(entry.o)(mc_w.l)
    0x080000ec   0x00000004   Code   RO          950    .ARM.Collect$$$$00000001  mc_w.l(entry2.o)(mc_w.l)
    0x080000f0   0x00000004   Code   RO          953    .ARM.Collect$$$$00000004  mc_w.l(entry5.o)(mc_w.l)
    0x080000f4   0x00000008   Code   RO          954    .ARM.Collect$$$$00000007  mc_w.l(entry7.o)(mc_w.l)
    0x080000fc   0x00000004   Code   RO          951    .ARM.Collect$$$$00002712  mc_w.l(entry2.o)(mc_w.l)
    0x08000100   0x00000058   Code   RO            1    .text               main.o
    0x08000158   0x00000032   Code   RO          155    .text               stm32f10x_it.o
    0x0800018a   0x00000002   PAD
    0x0800018c   0x000001a4   Code   RO          171    .text               serial.o
    0x08000330   0x000002f0   Code   RO          183    .text               sys_init.o
    0x08000620   0x000000b8   Code   RO          199    .text               delay.o
    0x080006d8   0x000000f4   Code   RO          217    .text               infrared.o
    0x080007cc   0x00000aa0   Code   RO          235    .text               dataprotocol.o
    0x0800126c   0x00000c08   Code   RO          251    .text               pitchrollyaw.o
    0x08001e74   0x000002f8   Code   RO          273    .text               iic1_leftleg.o
    0x0800216c   0x00000330   Code   RO          285    .text               iic2_rightleg.o
    0x0800249c   0x00000330   Code   RO          297    .text               iic3_body.o
    0x080027cc   0x00000330   Code   RO          309    .text               iic4_foot.o
    0x08002afc   0x000003a4   Code   RO          321    .text               prdsensordeal.o
    0x08002ea0   0x000001ec   Code   RO          337    .text               motionsta.o
    0x0800308c   0x0000099c   Code   RO          352    .text               xyz_algo.o
    0x08003a28   0x00000024   Code   RO          371    .text               startup_stm32f10x_md.o
    0x08003a4c   0x000001c8   Code   RO          386    .text               system_stm32f10x.o
    0x08003c14   0x000000f8   Code   RO          404    .text               misc.o
    0x08003d0c   0x00000440   Code   RO          416    .text               stm32f10x_adc.o
    0x0800414c   0x00000358   Code   RO          428    .text               stm32f10x_gpio.o
    0x080044a4   0x000003a4   Code   RO          452    .text               stm32f10x_rcc.o
    0x08004848   0x0000040c   Code   RO          466    .text               stm32f10x_usart.o
    0x08004c54   0x00000248   Code   RO          478    .text               stm32f10x_dma.o
    0x08004e9c   0x000005c8   Code   RO          490    .text               stm32f10x_flash.o
    0x08005464   0x000020c0   Code   RO          502    .text               inv_mpu.o
    0x08007524   0x00000d98   Code   RO          522    .text               inv_mpu_dmp_motion_driver.o
    0x080082bc   0x0000005a   Code   RO          592    .text               mc_w.l(ldiv.o)(mc_w.l)
    0x08008316   0x0000001e   Code   RO          594    .text               mc_w.l(llshl.o)(mc_w.l)
    0x08008334   0x00000024   Code   RO          596    .text               mc_w.l(llsshr.o)(mc_w.l)
    0x08008358   0x00000026   Code   RO          598    .text               mc_w.l(memseta.o)(mc_w.l)
    0x0800837e   0x00000018   Code   RO          600    .text               mc_w.l(strncpy.o)(mc_w.l)
    0x08008396   0x0000001a   Code   RO          602    .text               mc_w.l(memcmp.o)(mc_w.l)
    0x080083b0   0x0000001e   Code   RO          604    .text               mc_w.l(strncmp.o)(mc_w.l)
    0x080083ce   0x000000b0   Code   RO          867    .text               mf_w.l(fadd.o)(mf_w.l)
    0x0800847e   0x0000006c   Code   RO          869    .text               mf_w.l(fmul.o)(mf_w.l)
    0x080084ea   0x00000080   Code   RO          871    .text               mf_w.l(fdiv.o)(mf_w.l)
    0x0800856a   0x0000014a   Code   RO          873    .text               mf_w.l(dadd.o)(mf_w.l)
    0x080086b4   0x000000e2   Code   RO          875    .text               mf_w.l(dmul.o)(mf_w.l)
    0x08008796   0x000000de   Code   RO          877    .text               mf_w.l(ddiv.o)(mf_w.l)
    0x08008874   0x00000012   Code   RO          879    .text               mf_w.l(fflti.o)(mf_w.l)
    0x08008886   0x0000000a   Code   RO          881    .text               mf_w.l(ffltui.o)(mf_w.l)
    0x08008890   0x00000022   Code   RO          883    .text               mf_w.l(dflti.o)(mf_w.l)
    0x080088b2   0x0000001a   Code   RO          885    .text               mf_w.l(dfltui.o)(mf_w.l)
    0x080088cc   0x00000032   Code   RO          887    .text               mf_w.l(ffixi.o)(mf_w.l)
    0x080088fe   0x00000028   Code   RO          889    .text               mf_w.l(ffixui.o)(mf_w.l)
    0x08008926   0x0000002e   Code   RO          891    .text               mf_w.l(dfixui.o)(mf_w.l)
    0x08008954   0x0000002c   Code   RO          893    .text               mf_w.l(f2d.o)(mf_w.l)
    0x08008980   0x00000028   Code   RO          895    .text               mf_w.l(cdcmple.o)(mf_w.l)
    0x080089a8   0x00000028   Code   RO          897    .text               mf_w.l(cdrcmple.o)(mf_w.l)
    0x080089d0   0x00000038   Code   RO          899    .text               mf_w.l(d2f.o)(mf_w.l)
    0x08008a08   0x00000014   Code   RO          901    .text               mf_w.l(cfcmple.o)(mf_w.l)
    0x08008a1c   0x00000014   Code   RO          903    .text               mf_w.l(cfrcmple.o)(mf_w.l)
    0x08008a30   0x0000002c   Code   RO          956    .text               mc_w.l(uidiv.o)(mc_w.l)
    0x08008a5c   0x00000066   Code   RO          958    .text               mc_w.l(uldiv.o)(mc_w.l)
    0x08008ac2   0x00000020   Code   RO          960    .text               mc_w.l(llushr.o)(mc_w.l)
    0x08008ae2   0x00000000   Code   RO          969    .text               mc_w.l(iusefp.o)(mc_w.l)
    0x08008ae2   0x00000070   Code   RO          970    .text               mf_w.l(fepilogue.o)(mf_w.l)
    0x08008b52   0x000000c2   Code   RO          972    .text               mf_w.l(depilogue.o)(mf_w.l)
    0x08008c14   0x0000002e   Code   RO          974    .text               mf_w.l(dscalb.o)(mf_w.l)
    0x08008c42   0x00000030   Code   RO          976    .text               mf_w.l(dfixul.o)(mf_w.l)
    0x08008c72   0x00000002   PAD
    0x08008c74   0x00000024   Code   RO          978    .text               mc_w.l(init.o)(mc_w.l)
    0x08008c98   0x000000a0   Code   RO          980    .text               mf_w.l(dsqrt.o)(mf_w.l)
    0x08008d38   0x0000003e   Code   RO          982    .text               mf_w.l(dfixi.o)(mf_w.l)
    0x08008d76   0x0000005c   Code   RO          992    .text               mc_w.l(__dczerorl2.o)(mc_w.l)
    0x08008dd2   0x00000002   PAD
    0x08008dd4   0x00000020   Code   RO          839    i.__0printf         mc_w.l(printfa.o)(mc_w.l)
    0x08008df4   0x00000028   Code   RO          920    i.__ARM_fpclassify  m_ws.l(fpclassify.o)(m_ws.l)
    0x08008e1c   0x00000388   Code   RO          925    i.__ieee754_rem_pio2  m_ws.l(rred.o)(m_ws.l)
    0x080091a4   0x000000fc   Code   RO          915    i.__kernel_cos      m_ws.l(cos_i.o)(m_ws.l)
    0x080092a0   0x000000aa   Code   RO          922    i.__kernel_poly     m_ws.l(poly.o)(m_ws.l)
    0x0800934a   0x00000002   PAD
    0x0800934c   0x000000f0   Code   RO          930    i.__kernel_sin      m_ws.l(sin_i.o)(m_ws.l)
    0x0800943c   0x0000027c   Code   RO          944    i.__kernel_tan      m_ws.l(tan_i.o)(m_ws.l)
    0x080096b8   0x00000010   Code   RO          918    i.__mathlib_dbl_underflow  m_ws.l(dunder.o)(m_ws.l)
    0x080096c8   0x0000000e   Code   RO          986    i.__scatterload_copy  mc_w.l(handlers.o)(mc_w.l)
    0x080096d6   0x00000002   Code   RO          987    i.__scatterload_null  mc_w.l(handlers.o)(mc_w.l)
    0x080096d8   0x0000000e   Code   RO          988    i.__scatterload_zeroinit  mc_w.l(handlers.o)(mc_w.l)
    0x080096e6   0x00000002   PAD
    0x080096e8   0x0000000c   Code   RO          964    i.__set_errno       mc_w.l(errno.o)(mc_w.l)
    0x080096f4   0x00000154   Code   RO          846    i._fp_digits        mc_w.l(printfa.o)(mc_w.l)
    0x08009848   0x000006d4   Code   RO          847    i._printf_core      mc_w.l(printfa.o)(mc_w.l)
    0x08009f1c   0x00000026   Code   RO          848    i._printf_post_padding  mc_w.l(printfa.o)(mc_w.l)
    0x08009f42   0x0000002e   Code   RO          849    i._printf_pre_padding  mc_w.l(printfa.o)(mc_w.l)
    0x08009f70   0x00000280   Code   RO          538    i.asin              m_ws.l(asin.o)(m_ws.l)
    0x0800a1f0   0x00000224   Code   RO          906    i.atan              m_ws.l(atan.o)(m_ws.l)
    0x0800a414   0x00000180   Code   RO          548    i.atan2             m_ws.l(atan2.o)(m_ws.l)
    0x0800a594   0x000000ac   Code   RO          556    i.cos               m_ws.l(cos.o)(m_ws.l)
    0x0800a640   0x000009d8   Code   RO          564    i.pow               m_ws.l(pow.o)(m_ws.l)
    0x0800b018   0x000000b0   Code   RO          574    i.sin               m_ws.l(sin.o)(m_ws.l)
    0x0800b0c8   0x0000004a   Code   RO          937    i.sqrt              m_ws.l(sqrt.o)(m_ws.l)
    0x0800b112   0x00000002   PAD
    0x0800b114   0x00000074   Code   RO          582    i.tan               m_ws.l(tan.o)(m_ws.l)
    0x0800b188   0x00000041   Data   RO          253    .constdata          pitchrollyaw.o
    0x0800b1c9   0x00000003   PAD
    0x0800b1cc   0x0000005c   Data   RO          503    .constdata          inv_mpu.o
    0x0800b228   0x00000bf6   Data   RO          524    .constdata          inv_mpu_dmp_motion_driver.o
    0x0800be1e   0x00000002   PAD
    0x0800be20   0x00000050   Data   RO          539    .constdata          m_ws.l(asin.o)(m_ws.l)
    0x0800be70   0x00000088   Data   RO          565    .constdata          m_ws.l(pow.o)(m_ws.l)
    0x0800bef8   0x00000098   Data   RO          907    .constdata          m_ws.l(atan.o)(m_ws.l)
    0x0800bf90   0x00000030   Data   RO          916    .constdata          m_ws.l(cos_i.o)(m_ws.l)
    0x0800bfc0   0x00000008   Data   RO          924    .constdata          m_ws.l(qnan.o)(m_ws.l)
    0x0800bfc8   0x000000c8   Data   RO          927    .constdata          m_ws.l(rred.o)(m_ws.l)
    0x0800c090   0x00000028   Data   RO          931    .constdata          m_ws.l(sin_i.o)(m_ws.l)
    0x0800c0b8   0x00000060   Data   RO          945    .constdata          m_ws.l(tan_i.o)(m_ws.l)
    0x0800c118   0x00000020   Data   RO          984    Region$$Table       anon$$obj.o


    Execution Region RW_IRAM1 (Base: 0x20000000, Size: 0x000012f0, Max: 0x00005000, ABSOLUTE, COMPRESSED[0x000000a8])

    Base Addr    Size         Type   Attr      Idx    E Section Name        Object

    0x20000000   0x00000002   Data   RW            2    .data               main.o
    0x20000002   0x00000002   PAD
    0x20000004   0x00000005   Data   RW          200    .data               delay.o
    0x20000009   0x00000003   PAD
    0x2000000c   0x00000010   Data   RW          237    .data               dataprotocol.o
    0x2000001c   0x0000009f   Data   RW          254    .data               pitchrollyaw.o
    0x200000bb   0x00000001   PAD
    0x200000bc   0x00000016   Data   RW          323    .data               prdsensordeal.o
    0x200000d2   0x00000002   PAD
    0x200000d4   0x0000000c   Data   RW          338    .data               motionsta.o
    0x200000e0   0x00000010   Data   RW          354    .data               xyz_algo.o
    0x200000f0   0x00000014   Data   RW          387    .data               system_stm32f10x.o
    0x20000104   0x00000014   Data   RW          453    .data               stm32f10x_rcc.o
    0x20000118   0x0000007c   Data   RW          504    .data               inv_mpu.o
    0x20000194   0x00000004   Data   RW          955    .data               mc_w.l(stdout.o)(mc_w.l)
    0x20000198   0x00000004   Data   RW          965    .data               mc_w.l(errno.o)(mc_w.l)
    0x2000019c   0x00000078   Zero   RW          218    .bss                infrared.o
    0x20000214   0x00000bdf   Zero   RW          236    .bss                dataprotocol.o
    0x20000df3   0x00000001   PAD
    0x20000df4   0x00000074   Zero   RW          252    .bss                pitchrollyaw.o
    0x20000e68   0x00000068   Zero   RW          322    .bss                prdsensordeal.o
    0x20000ed0   0x0000000c   Zero   RW          353    .bss                xyz_algo.o
    0x20000edc   0x00000010   Zero   RW          523    .bss                inv_mpu_dmp_motion_driver.o
    0x20000eec   0x00000004   PAD
    0x20000ef0   0x00000400   Zero   RW          368    STACK               startup_stm32f10x_md.o


==============================================================================

Image component sizes


      Code (inc. data)   RO Data    RW Data    ZI Data      Debug   Object Name

      2720        398          0         16       3039          0   dataprotocol.o
       184         12          0          5          0          0   delay.o
       760         18          0          0          0          0   iic1_leftleg.o
       816         18          0          0          0          0   iic2_rightleg.o
       816         18          0          0          0          0   iic3_body.o
       816         18          0          0          0          0   iic4_foot.o
       244         76          0          0        120          0   infrared.o
      8384        142         92        124          0          0   inv_mpu.o
      3480        124       3062          0         16          0   inv_mpu_dmp_motion_driver.o
        88          8          0          2          0          0   main.o
       248         30          0          0          0          0   misc.o
       492         48          0         12          0          0   motionsta.o
      3080        690         65        159        116          0   pitchrollyaw.o
       932        282          0         22        104          0   prdsensordeal.o
       420         38          0          0          0          0   serial.o
        36          8        236          0       1024          0   startup_stm32f10x_md.o
      1088         36          0          0          0          0   stm32f10x_adc.o
       584         20          0          0          0          0   stm32f10x_dma.o
      1480         52          0          0          0          0   stm32f10x_flash.o
       856         40          0          0          0          0   stm32f10x_gpio.o
        50          0          0          0          0          0   stm32f10x_it.o
       932         52          0         20          0          0   stm32f10x_rcc.o
      1036         20          0          0          0          0   stm32f10x_usart.o
       752         54          0          0          0          0   sys_init.o
       456         36          0         20          0          0   system_stm32f10x.o
      2460         44          0         16         12          0   xyz_algo.o

    ----------------------------------------------------------------------
     33212       2282       3492        404       4436          0   Object Totals
         0          0         32          0          0          0   (incl. Generated)
         2          0          5          8          5          0   (incl. Padding)

    ----------------------------------------------------------------------

      Code (inc. data)   RO Data    RW Data    ZI Data      Debug   Library Member Name

       640         54         80          0          0          0   asin.o
       548         68        152          0          0          0   atan.o
       384         38          0          0          0          0   atan2.o
       172          8          0          0          0          0   cos.o
       252         22         48          0          0          0   cos_i.o
        16          6          0          0          0          0   dunder.o
        40          0          0          0          0          0   fpclassify.o
       170          0          0          0          0          0   poly.o
      2520        190        136          0          0          0   pow.o
         0          0          8          0          0          0   qnan.o
       904         72        200          0          0          0   rred.o
       176         10          0          0          0          0   sin.o
       240         14         40          0          0          0   sin_i.o
        74          0          0          0          0          0   sqrt.o
       116         10          0          0          0          0   tan.o
       636         50         96          0          0          0   tan_i.o
        92          0          0          0          0          0   __dczerorl2.o
         0          0          0          0          0          0   entry.o
         8          4          0          0          0          0   entry2.o
         4          0          0          0          0          0   entry5.o
         8          4          0          0          0          0   entry7.o
        12          6          0          4          0          0   errno.o
        30          0          0          0          0          0   handlers.o
        36          8          0          0          0          0   init.o
         0          0          0          0          0          0   iusefp.o
        90          0          0          0          0          0   ldiv.o
        30          0          0          0          0          0   llshl.o
        36          0          0          0          0          0   llsshr.o
        32          0          0          0          0          0   llushr.o
        26          0          0          0          0          0   memcmp.o
        38          0          0          0          0          0   memseta.o
      2204         92          0          0          0          0   printfa.o
         0          0          0          4          0          0   stdout.o
        30          0          0          0          0          0   strncmp.o
        24          0          0          0          0          0   strncpy.o
        44          0          0          0          0          0   uidiv.o
       102          0          0          0          0          0   uldiv.o
        40          2          0          0          0          0   cdcmple.o
        40          2          0          0          0          0   cdrcmple.o
        20          0          0          0          0          0   cfcmple.o
        20          0          0          0          0          0   cfrcmple.o
        56          0          0          0          0          0   d2f.o
       330          0          0          0          0          0   dadd.o
       222          0          0          0          0          0   ddiv.o
       194          0          0          0          0          0   depilogue.o
        62          0          0          0          0          0   dfixi.o
        46          0          0          0          0          0   dfixui.o
        48          0          0          0          0          0   dfixul.o
        34          0          0          0          0          0   dflti.o
        26          0          0          0          0          0   dfltui.o
       226          0          0          0          0          0   dmul.o
        46          0          0          0          0          0   dscalb.o
       160          0          0          0          0          0   dsqrt.o
        44          0          0          0          0          0   f2d.o
       176          0          0          0          0          0   fadd.o
       128          0          0          0          0          0   fdiv.o
       112          0          0          0          0          0   fepilogue.o
        50          0          0          0          0          0   ffixi.o
        40          0          0          0          0          0   ffixui.o
        18          0          0          0          0          0   fflti.o
        10          0          0          0          0          0   ffltui.o
       108          0          0          0          0          0   fmul.o

    ----------------------------------------------------------------------
     12000        660        760          8          0          0   Library Totals
        10          0          0          0          0          0   (incl. Padding)

    ----------------------------------------------------------------------

      Code (inc. data)   RO Data    RW Data    ZI Data      Debug   Library Name

      6888        542        760          0          0       2028   m_ws.l
      2846        114          0          8          0       1400   mc_w.l
      2256          4          0          0          0       2248   mf_w.l

    ----------------------------------------------------------------------
     12000        660        760          8          0          0   Library Totals

    ----------------------------------------------------------------------

==============================================================================


      Code (inc. data)   RO Data    RW Data    ZI Data      Debug   

     45212       2942       4252        412       4436     407428   Grand Totals
     45212       2942       4252        168       4436     407428   ELF Image Totals (compressed)
     45212       2942       4252        168          0          0   ROM Totals

==============================================================================

    Total RO  Size (Code + RO Data)                49464 (  48.30kB)
    Total RW  Size (RW Data + ZI Data)              4848 (   4.73kB)
    Total ROM Size (Code + RO Data + RW Data)      49632 (  48.47kB)

==============================================================================

