<html>
<body>
<pre>
<h1>µVision Build Log</h1>
<h2>Project:</h2>
D:\PRD\STM32F103C8T6\project\STM32F103C8T6.uvproj
Project File Date:  08/21/2016

<h2>Output:</h2>
Build target 'Target 1'
compiling main.c...
..\user\main.c(24): error:  #5: cannot open source input file "stm32_eval.h": No such file or directory
..\user\main.c:   #include "stm32_eval.h"
..\user\main.c:                          ^
..\user\main.c: ..\user\main.c: 0 warnings, 1 error
compiling stm32f10x_it.c...
assembling startup_stm32f10x_md.s...
compiling core_cm3.c...
compiling system_stm32f10x.c...
compiling misc.c...
compiling stm32f10x_adc.c...
compiling stm32f10x_gpio.c...
compiling stm32f10x_i2c.c...
compiling stm32f10x_rcc.c...
compiling stm32f10x_usart.c...
Target not created
Build target 'Target 1'
compiling main.c...
..\user\main.c(65): warning:  #223-D: function "STM_EVAL_LEDInit" declared implicitly
..\user\main.c:     STM_EVAL_LEDInit(LED1);
..\user\main.c:     ^
..\user\main.c(65): error:  #20: identifier "LED1" is undefined
..\user\main.c:     STM_EVAL_LEDInit(LED1);
..\user\main.c:                      ^
..\user\main.c(66): error:  #20: identifier "LED2" is undefined
..\user\main.c:     STM_EVAL_LEDInit(LED2);
..\user\main.c:                      ^
..\user\main.c(67): error:  #20: identifier "LED3" is undefined
..\user\main.c:     STM_EVAL_LEDInit(LED3);
..\user\main.c:                      ^
..\user\main.c(68): error:  #20: identifier "LED4" is undefined
..\user\main.c:     STM_EVAL_LEDInit(LED4);
..\user\main.c:                      ^
..\user\main.c(107): error:  #20: identifier "EVAL_COM1" is undefined
..\user\main.c:     USART_SendData(EVAL_COM1, (uint8_t) ch);
..\user\main.c:                    ^
..\user\main.c: ..\user\main.c: 1 warning, 5 errors
Target not created
Build target 'Target 1'
compiling main.c...
..\user\main.c(100): error:  #20: identifier "EVAL_COM1" is undefined
..\user\main.c:     USART_SendData(EVAL_COM1, (uint8_t) ch);
..\user\main.c:                    ^
..\user\main.c: ..\user\main.c: 0 warnings, 1 error
Target not created
Build target 'Target 1'
compiling main.c...
..\user\main.c(103): error:  #20: identifier "EVAL_COM1" is undefined
..\user\main.c:     while (USART_GetFlagStatus(EVAL_COM1, USART_FLAG_TC) == RESET)
..\user\main.c:                                ^
..\user\main.c: ..\user\main.c: 0 warnings, 1 error
Target not created
Build target 'Target 1'
compiling main.c...
compiling stm32f10x_it.c...
assembling startup_stm32f10x_md.s...
compiling core_cm3.c...
compiling system_stm32f10x.c...
compiling misc.c...
compiling stm32f10x_adc.c...
compiling stm32f10x_gpio.c...
compiling stm32f10x_i2c.c...
compiling stm32f10x_rcc.c...
compiling stm32f10x_usart.c...
linking...
Program Size: Code=884 RO-data=268 RW-data=20 ZI-data=1652  
FromELF: creating hex file...
"STM32F103C8T6.axf" - 0 Error(s), 0 Warning(s).
Build target 'Target 1'
compiling main.c...
compiling stm32f10x_it.c...
assembling startup_stm32f10x_md.s...
compiling core_cm3.c...
compiling system_stm32f10x.c...
compiling misc.c...
compiling stm32f10x_adc.c...
compiling stm32f10x_gpio.c...
compiling stm32f10x_i2c.c...
compiling stm32f10x_rcc.c...
compiling stm32f10x_usart.c...
linking...
Program Size: Code=884 RO-data=268 RW-data=20 ZI-data=1652  
FromELF: creating hex file...
".\obj\STM32F103C8T6.axf" - 0 Error(s), 0 Warning(s).
